                                  MODFLOW-2000
      U.S. GEOLOGICAL SURVEY MODULAR FINITE-DIFFERENCE GROUND-WATER FLOW MODEL
                           VERSION 1.19.01 03/25/2010


 This model run combines GLOBAL and LIST output into this single file.

 GLOBAL LISTING FILE: ex10_pht3d.lst
                         UNIT    2

 OPENING ex10_pht3d.dis
 FILE TYPE:DIS   UNIT   10   STATUS:OLD    
 FORMAT:FORMATTED              ACCESS:SEQUENTIAL          

 OPENING ex10_pht3d.bas6
 FILE TYPE:BAS6   UNIT   11   STATUS:OLD    
 FORMAT:FORMATTED              ACCESS:SEQUENTIAL          

 OPENING ex10_pht3d.lpf
 FILE TYPE:LPF   UNIT   12   STATUS:OLD    
 FORMAT:FORMATTED              ACCESS:SEQUENTIAL          

 OPENING ex10_pht3d.pcg
 FILE TYPE:PCG   UNIT   14   STATUS:OLD    
 FORMAT:FORMATTED              ACCESS:SEQUENTIAL          

 OPENING ex10_pht3d.oc
 FILE TYPE:OC   UNIT   26   STATUS:OLD    
 FORMAT:FORMATTED              ACCESS:SEQUENTIAL          

 OPENING ex10_pht3d.head
 FILE TYPE:DATA(BINARY)   UNIT   30   STATUS:UNKNOWN
 FORMAT:BINARY                 ACCESS:SEQUENTIAL          

 OPENING ex10_pht3d.budget
 FILE TYPE:DATA(BINARY)   UNIT   31   STATUS:UNKNOWN
 FORMAT:BINARY                 ACCESS:SEQUENTIAL          

 OPENING ex10_pht3d.lmt
 FILE TYPE:LMT6   UNIT   28   STATUS:OLD    
 FORMAT:FORMATTED              ACCESS:SEQUENTIAL          

 THE FREE FORMAT OPTION HAS BEEN SELECTED

 DISCRETIZATION INPUT DATA READ FROM UNIT   10
    1 LAYERS        40 ROWS        80 COLUMNS
    1 STRESS PERIOD(S) IN SIMULATION
 MODEL TIME UNIT IS DAYS
 MODEL LENGTH UNIT IS METERS
 THE GROUND-WATER TRANSPORT PROCESS IS INACTIVE

 THE OBSERVATION PROCESS IS INACTIVE
 THE SENSITIVITY PROCESS IS INACTIVE
 THE PARAMETER-ESTIMATION PROCESS IS INACTIVE

 MODE: FORWARD

  Confining bed flag for each layer:
   0

      28920  ELEMENTS OF GX ARRAY USED OUT OF      28920
       3200  ELEMENTS OF GZ ARRAY USED OUT OF       3200
       3200  ELEMENTS OF IG ARRAY USED OUT OF       3200

                     DELR =   2.50000    

                     DELC =   1.25000    

 TOP ELEVATION OF LAYER 1 =   10.0000    

   MODEL LAYER BOTTOM EL. =   0.00000     FOR LAYER   1


 STRESS PERIOD     LENGTH       TIME STEPS     MULTIPLIER FOR DELT    SS FLAG
 ----------------------------------------------------------------------------
        1         500.0000         50                    1.000         SS

 STEADY-STATE SIMULATION




 LPF1 -- LAYER PROPERTY FLOW PACKAGE, VERSION 1, 1/11/2000
         INPUT READ FROM UNIT   12
 CELL-BY-CELL FLOWS WILL BE SAVED ON UNIT   31
 HEAD AT CELLS THAT CONVERT TO DRY=  1.00000E-02
 No named parameters

   LAYER FLAGS:
 LAYER       LAYTYP        LAYAVG         CHANI        LAYVKA        LAYWET
 ---------------------------------------------------------------------------
    1             1             0     1.000E+00             0             0

   INTERPRETATION OF LAYER FLAGS:
                        INTERBLOCK     HORIZONTAL    DATA IN
         LAYER TYPE   TRANSMISSIVITY   ANISOTROPY   ARRAY VKA   WETTABILITY
 LAYER      (LAYTYP)      (LAYAVG)       (CHANI)      (LAYVKA)      (LAYWET)
 ---------------------------------------------------------------------------
    1   CONVERTIBLE      HARMONIC     1.000E+00    VERTICAL K  NON-WETTABLE

       6400 ELEMENTS IN X ARRAY ARE USED BY LPF
          6 ELEMENTS IN IX ARRAY ARE USED BY LPF

 PCG2 -- CONJUGATE GRADIENT SOLUTION PACKAGE, VERSION 2.4, 12/29/98
 MAXIMUM OF     10 CALLS OF SOLUTION ROUTINE
 MAXIMUM OF  30000 INTERNAL ITERATIONS PER CALL TO SOLUTION ROUTINE
 MATRIX PRECONDITIONING TYPE :    1
     606400 ELEMENTS IN X ARRAY ARE USED BY PCG
    2100000 ELEMENTS IN IX ARRAY ARE USED BY PCG
      12800 ELEMENTS IN Z ARRAY ARE USED BY PCG

     612800  ELEMENTS OF X ARRAY USED OUT OF     612800
      12800  ELEMENTS OF Z ARRAY USED OUT OF      12800
    2100006  ELEMENTS OF IX ARRAY USED OUT OF    2100006
          0  ELEMENTS OF XHS ARRAY USED OUT OF          1



                                    SOLUTION BY THE CONJUGATE-GRADIENT METHOD
                                   -------------------------------------------
                    MAXIMUM NUMBER OF CALLS TO PCG ROUTINE =       10
                        MAXIMUM ITERATIONS PER CALL TO PCG =    30000
                               MATRIX PRECONDITIONING TYPE =        1
        RELAXATION FACTOR (ONLY USED WITH PRECOND. TYPE 1) =    0.10000E+01
 PARAMETER OF POLYNOMIAL PRECOND. = 2 (2) OR IS CALCULATED :        2
                         HEAD CHANGE CRITERION FOR CLOSURE =    0.10000E-03
                     RESIDUAL CHANGE CRITERION FOR CLOSURE =    0.10000E-02
            PCG HEAD AND RESIDUAL CHANGE PRINTOUT INTERVAL =      999
     PRINTING FROM SOLVER IS LIMITED(1) OR SUPPRESSED (>1) =        2
                                         DAMPING PARAMETER =    0.10000E+01

 WETTING CAPABILITY IS NOT ACTIVE IN ANY LAYER



              HYD. COND. ALONG ROWS FOR LAYER   1
 READING ON UNIT   12 WITH FORMAT: (80G12.4)           

           1       2       3       4       5       6       7       8       9      10      11      12      13      14      15
          16      17      18      19      20      21      22      23      24      25      26      27      28      29      30
          31      32      33      34      35      36      37      38      39      40      41      42      43      44      45
          46      47      48      49      50      51      52      53      54      55      56      57      58      59      60
          61      62      63      64      65      66      67      68      69      70      71      72      73      74      75
          76      77      78      79      80
 ...........................................................................................................................
   1     10.0    10.0    10.0    10.0    10.0    10.0    10.0    10.0    10.0    10.0    10.0    10.0     4.0     4.0     4.0
          4.0     4.0     4.0     4.0     4.0     4.0     4.0     4.0     4.0     4.0     4.0     4.0     4.0     4.0     4.0
          4.0     4.0     4.0     4.0     4.0     4.0     4.0     4.0     4.0     4.0    10.0    10.0    10.0    10.0    10.0
         10.0    10.0    10.0    10.0    10.0    10.0    10.0    10.0    10.0    10.0    10.0    10.0    10.0    10.0    10.0
         10.0    10.0    10.0    10.0    10.0    10.0    10.0    10.0    10.0    10.0    10.0    10.0    10.0    10.0    10.0
         10.0    10.0    10.0    10.0    10.0
   2     10.0    10.0    10.0    10.0    10.0    10.0    10.0    10.0    10.0    10.0    10.0    10.0     4.0     4.0     4.0
          4.0     4.0     4.0     4.0     4.0     4.0     4.0     4.0     4.0     4.0     4.0     4.0     4.0     4.0     4.0
          4.0     4.0     4.0     4.0     4.0     4.0     4.0     4.0     4.0     4.0    10.0    10.0    10.0    10.0    10.0
         10.0    10.0    10.0    10.0    10.0    10.0    10.0    10.0    10.0    10.0    10.0    10.0    10.0    10.0    10.0
         10.0    10.0    10.0    10.0    10.0    10.0    10.0    10.0    10.0    10.0    10.0    10.0    10.0    10.0    10.0
         10.0    10.0    10.0    10.0    10.0
   3     10.0    10.0    10.0    10.0    10.0    10.0    10.0    10.0    10.0    10.0    10.0    10.0     4.0     4.0     4.0
          4.0     4.0     4.0     4.0     4.0     4.0     4.0     4.0     4.0     4.0     4.0     4.0     4.0     4.0     4.0
          4.0     4.0     4.0     4.0     4.0     4.0     4.0     4.0     4.0     4.0    10.0    10.0    10.0    10.0    10.0
         10.0    10.0    10.0    10.0    10.0    10.0    10.0    10.0    10.0    10.0    10.0    10.0    10.0    10.0    10.0
         10.0    10.0    10.0    10.0    10.0    10.0    10.0    10.0    10.0    10.0    10.0    10.0    10.0    10.0    10.0
         10.0    10.0    10.0    10.0    10.0
   4     10.0    10.0    10.0    10.0    10.0    10.0    10.0    10.0    10.0    10.0    10.0    10.0     4.0     4.0     4.0
          4.0     4.0     4.0     4.0     4.0     4.0     4.0     4.0     4.0     4.0     4.0     4.0     4.0     4.0     4.0
          4.0     4.0     4.0     4.0     4.0     4.0     4.0     4.0     4.0     4.0    10.0    10.0    10.0    10.0    10.0
         10.0    10.0    10.0    10.0    10.0    10.0    10.0    10.0    10.0    10.0    10.0    10.0    10.0    10.0    10.0
         10.0    10.0    10.0    10.0    10.0    10.0    10.0    10.0    10.0    10.0    10.0    10.0    10.0    10.0    10.0
         10.0    10.0    10.0    10.0    10.0
   5     10.0    10.0    10.0    10.0    10.0    10.0    10.0    10.0    10.0    10.0    10.0    10.0     4.0     4.0     4.0
          4.0     4.0     4.0     4.0     4.0     4.0     4.0     4.0     4.0     4.0     4.0     4.0     4.0     4.0     4.0
          4.0     4.0     4.0     4.0     4.0     4.0     4.0     4.0     4.0     4.0    10.0    10.0    10.0    10.0    10.0
         10.0    10.0    10.0    10.0    10.0    10.0    10.0    10.0    10.0    10.0    10.0    10.0    10.0    10.0    10.0
         10.0    10.0    10.0    10.0    10.0    10.0    10.0    10.0    10.0    10.0    10.0    10.0    10.0    10.0    10.0
         10.0    10.0    10.0    10.0    10.0
   6     10.0    10.0    10.0    10.0    10.0    10.0    10.0    10.0    10.0    10.0    10.0    10.0     4.0     4.0     4.0
          4.0     4.0     4.0     4.0     4.0     4.0     4.0     4.0     4.0     4.0     4.0     4.0     4.0     4.0     4.0
          4.0     4.0     4.0     4.0     4.0     4.0     4.0     4.0     4.0     4.0    10.0    10.0    10.0    10.0    10.0
         10.0    10.0    10.0    10.0    10.0    10.0    10.0    10.0    10.0    10.0    10.0    10.0    10.0    10.0    10.0
         10.0    10.0    10.0    10.0    10.0    10.0    10.0    10.0    10.0    10.0    10.0    10.0    10.0    10.0    10.0
         10.0    10.0    10.0    10.0    10.0
   7     10.0    10.0    10.0    10.0    10.0    10.0    10.0    10.0    10.0    10.0    10.0    10.0     4.0     4.0     4.0
          4.0     4.0     4.0     4.0     4.0     4.0     4.0     4.0     4.0     4.0     4.0     4.0     4.0     4.0     4.0
          4.0     4.0     4.0     4.0     4.0     4.0     4.0     4.0     4.0     4.0    10.0    10.0    10.0    10.0    10.0
         10.0    10.0    10.0    10.0    10.0    10.0    10.0    10.0    10.0    10.0    10.0    10.0    10.0    10.0    10.0
         10.0    10.0    10.0    10.0    10.0    10.0    10.0    10.0    10.0    10.0    10.0    10.0    10.0    10.0    10.0
         10.0    10.0    10.0    10.0    10.0
   8     10.0    10.0    10.0    10.0    10.0    10.0    10.0    10.0    10.0    10.0    10.0    10.0     4.0     4.0     4.0
          4.0     4.0     4.0     4.0     4.0     4.0     4.0     4.0     4.0     4.0     4.0     4.0     4.0     4.0     4.0
          4.0     4.0     4.0     4.0     4.0     4.0     4.0     4.0     4.0     4.0    10.0    10.0    10.0    10.0    10.0
         10.0    10.0    10.0    10.0    10.0    10.0    10.0    10.0    10.0    10.0    10.0    10.0    10.0    10.0    10.0
         10.0    10.0    10.0    10.0    10.0    10.0    10.0    10.0    10.0    10.0    10.0    10.0    10.0    10.0    10.0
         10.0    10.0    10.0    10.0    10.0
   9     10.0    10.0    10.0    10.0    10.0    10.0    10.0    10.0    10.0    10.0    10.0    10.0     4.0     4.0     4.0
          4.0     4.0     4.0     4.0     4.0     4.0     4.0     4.0     4.0     4.0     4.0     4.0     4.0     4.0     4.0
          4.0     4.0     4.0     4.0     4.0     4.0     4.0     4.0     4.0     4.0    10.0    10.0    10.0    10.0    10.0
         10.0    10.0    10.0    10.0    10.0    10.0    10.0    10.0    10.0    10.0    10.0    10.0    10.0    10.0    10.0
         10.0    10.0    10.0    10.0    10.0    10.0    10.0    10.0    10.0    10.0    10.0    10.0    10.0    10.0    10.0
         10.0    10.0    10.0    10.0    10.0
  10     10.0    10.0    10.0    10.0    10.0    10.0    10.0    10.0    10.0    10.0    10.0    10.0     4.0     4.0     4.0
          4.0     4.0     4.0     4.0     4.0     4.0     4.0     4.0     4.0     4.0     4.0     4.0     4.0     4.0     4.0
          4.0     4.0     4.0     4.0     4.0     4.0     4.0     4.0     4.0     4.0    10.0    10.0    10.0    10.0    10.0
         10.0    10.0    10.0    10.0    10.0    10.0    10.0    10.0    10.0    10.0    10.0    10.0    10.0    10.0    10.0
         10.0    10.0    10.0    10.0    10.0    10.0    10.0    10.0    10.0    10.0    10.0    10.0    10.0    10.0    10.0
         10.0    10.0    10.0    10.0    10.0
  11     10.0    10.0    10.0    10.0    10.0    10.0    10.0    10.0    10.0    10.0    10.0    10.0     4.0     4.0     4.0
          4.0     4.0     4.0     4.0     4.0     4.0     4.0     4.0     4.0     4.0     4.0     4.0     4.0     4.0     4.0
          4.0     4.0     4.0     4.0     4.0     4.0     4.0     4.0     4.0     4.0    10.0    10.0    10.0    10.0    10.0
         10.0    10.0    10.0    10.0    10.0    10.0    10.0    10.0    10.0    10.0    10.0    10.0    10.0    10.0    10.0
         10.0    10.0    10.0    10.0    10.0    10.0    10.0    10.0    10.0    10.0    10.0    10.0    10.0    10.0    10.0
         10.0    10.0    10.0    10.0    10.0
  12     10.0    10.0    10.0    10.0    10.0    10.0    10.0    10.0    10.0    10.0    10.0    10.0     4.0     4.0     4.0
          4.0     4.0     4.0     4.0     4.0     4.0     4.0     4.0     4.0     4.0     4.0     4.0     4.0     4.0     4.0
          4.0     4.0     4.0     4.0     4.0     4.0     4.0     4.0     4.0     4.0    10.0    10.0    10.0    10.0    10.0
         10.0    10.0    10.0    10.0    10.0    10.0    10.0    10.0    10.0    10.0    10.0    10.0    10.0    10.0    10.0
         10.0    10.0    10.0    10.0    10.0    10.0    10.0    10.0    10.0    10.0    10.0    10.0    10.0    10.0    10.0
         10.0    10.0    10.0    10.0    10.0
  13     10.0    10.0    10.0    10.0    10.0    10.0    10.0    10.0    10.0    10.0    10.0    10.0     4.0     4.0     4.0
          4.0     4.0     4.0     4.0     4.0     4.0     4.0     4.0     4.0     4.0     4.0     4.0     4.0     4.0     4.0
          4.0     4.0     4.0     4.0     4.0     4.0     4.0     4.0     4.0     4.0    10.0    10.0    10.0    10.0    10.0
         10.0    10.0    10.0    10.0    10.0    10.0    10.0    10.0    10.0    10.0    10.0    10.0    10.0    10.0    10.0
         10.0    10.0    10.0    10.0    10.0    10.0    10.0    10.0    10.0    10.0    10.0    10.0    10.0    10.0    10.0
         10.0    10.0    10.0    10.0    10.0
  14     10.0    10.0    10.0    10.0    10.0    10.0    10.0    10.0    10.0    10.0    10.0    10.0     4.0     4.0     4.0
          4.0     4.0     4.0     4.0     4.0     4.0     4.0     4.0     4.0     4.0     4.0     4.0     4.0     4.0     4.0
          4.0     4.0     4.0     4.0     4.0     4.0     4.0     4.0     4.0     4.0    10.0    10.0    10.0    10.0    10.0
         10.0    10.0    10.0    10.0    10.0    10.0    10.0    10.0    10.0    10.0    10.0    10.0    10.0    10.0    10.0
         10.0    10.0    10.0    10.0    10.0    10.0    10.0    10.0    10.0    10.0    10.0    10.0    10.0    10.0    10.0
         10.0    10.0    10.0    10.0    10.0
  15     10.0    10.0    10.0    10.0    10.0    10.0    10.0    10.0    10.0    10.0    10.0    10.0     4.0     4.0     4.0
          4.0     4.0     4.0     4.0     4.0     4.0     4.0     4.0     4.0     4.0     4.0     4.0     4.0     4.0     4.0
          4.0     4.0     4.0     4.0     4.0     4.0     4.0     4.0     4.0     4.0    10.0    10.0    10.0    10.0    10.0
         10.0    10.0    10.0    10.0    10.0    10.0    10.0    10.0    10.0    10.0    10.0    10.0    10.0    10.0    10.0
         10.0    10.0    10.0    10.0    10.0    10.0    10.0    10.0    10.0    10.0    10.0    10.0    10.0    10.0    10.0
         10.0    10.0    10.0    10.0    10.0
  16     10.0    10.0    10.0    10.0    10.0    10.0    10.0    10.0    10.0    10.0    10.0    10.0     4.0     4.0     4.0
          4.0     4.0     4.0     4.0     4.0     4.0     4.0     4.0     4.0     4.0     4.0     4.0     4.0     4.0     4.0
          4.0     4.0     4.0     4.0     4.0     4.0     4.0     4.0     4.0     4.0    10.0    10.0    10.0    10.0    10.0
         10.0    10.0    10.0    10.0    10.0    10.0    10.0    10.0    10.0    10.0    10.0    10.0    10.0    10.0    10.0
         10.0    10.0    10.0    10.0    10.0    10.0    10.0    10.0    10.0    10.0    10.0    10.0    10.0    10.0    10.0
         10.0    10.0    10.0    10.0    10.0
  17     10.0    10.0    10.0    10.0    10.0    10.0    10.0    10.0    10.0    10.0    10.0    10.0     4.0     4.0     4.0
          4.0     4.0     4.0     4.0     4.0     4.0     4.0     4.0     4.0     4.0     4.0     4.0     4.0     4.0     4.0
          4.0     4.0     4.0     4.0     4.0     4.0     4.0     4.0     4.0     4.0    10.0    10.0    10.0    10.0    10.0
         10.0    10.0    10.0    10.0    10.0    10.0    10.0    10.0    10.0    10.0    10.0    10.0    10.0    10.0    10.0
         10.0    10.0    10.0    10.0    10.0    10.0    10.0    10.0    10.0    10.0    10.0    10.0    10.0    10.0    10.0
         10.0    10.0    10.0    10.0    10.0
  18     10.0    10.0    10.0    10.0    10.0    10.0    10.0    10.0    10.0    10.0    10.0    10.0     4.0     4.0     4.0
          4.0     4.0     4.0     4.0     4.0     4.0     4.0     4.0     4.0     4.0     4.0     4.0     4.0     4.0     4.0
          4.0     4.0     4.0     4.0     4.0     4.0     4.0     4.0     4.0     4.0    10.0    10.0    10.0    10.0    10.0
         10.0    10.0    10.0    10.0    10.0    10.0    10.0    10.0    10.0    10.0    10.0    10.0    10.0    10.0    10.0
         10.0    10.0    10.0    10.0    10.0    10.0    10.0    10.0    10.0    10.0    10.0    10.0    10.0    10.0    10.0
         10.0    10.0    10.0    10.0    10.0
  19     10.0    10.0    10.0    10.0    10.0    10.0    10.0    10.0    10.0    10.0    10.0    10.0     4.0     4.0     4.0
          4.0     4.0     4.0     4.0     4.0     4.0     4.0     4.0     4.0     4.0     4.0     4.0     4.0     4.0     4.0
          4.0     4.0     4.0     4.0     4.0     4.0     4.0     4.0     4.0     4.0    10.0    10.0    10.0    10.0    10.0
         10.0    10.0    10.0    10.0    10.0    10.0    10.0    10.0    10.0    10.0    10.0    10.0    10.0    10.0    10.0
         10.0    10.0    10.0    10.0    10.0    10.0    10.0    10.0    10.0    10.0    10.0    10.0    10.0    10.0    10.0
         10.0    10.0    10.0    10.0    10.0
  20     10.0    10.0    10.0    10.0    10.0    10.0    10.0    10.0    10.0    10.0    10.0    10.0     4.0     4.0     4.0
          4.0     4.0     4.0     4.0     4.0     4.0     4.0     4.0     4.0     4.0     4.0     4.0     4.0     4.0     4.0
          4.0     4.0     4.0     4.0     4.0     4.0     4.0     4.0     4.0     4.0    10.0    10.0    10.0    10.0    10.0
         10.0    10.0    10.0    10.0    10.0    10.0    10.0    10.0    10.0    10.0    10.0    10.0    10.0    10.0    10.0
         10.0    10.0    10.0    10.0    10.0    10.0    10.0    10.0    10.0    10.0    10.0    10.0    10.0    10.0    10.0
         10.0    10.0    10.0    10.0    10.0
  21     10.0    10.0    10.0    10.0    10.0    10.0    10.0    10.0    10.0    10.0    10.0    10.0     4.0     4.0     4.0
          4.0     4.0     4.0     4.0     4.0     4.0     4.0     4.0     4.0     4.0     4.0     4.0     4.0     4.0     4.0
          4.0     4.0     4.0     4.0     4.0     4.0     4.0     4.0     4.0     4.0    10.0    10.0    10.0    10.0    10.0
         10.0    10.0    10.0    10.0    10.0    10.0    10.0    10.0    10.0    10.0    10.0    10.0    10.0    10.0    10.0
         10.0    10.0    10.0    10.0    10.0    10.0    10.0    10.0    10.0    10.0    10.0    10.0    10.0    10.0    10.0
         10.0    10.0    10.0    10.0    10.0
  22     10.0    10.0    10.0    10.0    10.0    10.0    10.0    10.0    10.0    10.0    10.0    10.0     4.0     4.0     4.0
          4.0     4.0     4.0     4.0     4.0     4.0     4.0     4.0     4.0     4.0     4.0     4.0     4.0     4.0     4.0
          4.0     4.0     4.0     4.0     4.0     4.0     4.0     4.0     4.0     4.0    10.0    10.0    10.0    10.0    10.0
         10.0    10.0    10.0    10.0    10.0    10.0    10.0    10.0    10.0    10.0    10.0    10.0    10.0    10.0    10.0
         10.0    10.0    10.0    10.0    10.0    10.0    10.0    10.0    10.0    10.0    10.0    10.0    10.0    10.0    10.0
         10.0    10.0    10.0    10.0    10.0
  23     10.0    10.0    10.0    10.0    10.0    10.0    10.0    10.0    10.0    10.0    10.0    10.0     4.0     4.0     4.0
          4.0     4.0     4.0     4.0     4.0     4.0     4.0     4.0     4.0     4.0     4.0     4.0     4.0     4.0     4.0
          4.0     4.0     4.0     4.0     4.0     4.0     4.0     4.0     4.0     4.0    10.0    10.0    10.0    10.0    10.0
         10.0    10.0    10.0    10.0    10.0    10.0    10.0    10.0    10.0    10.0    10.0    10.0    10.0    10.0    10.0
         10.0    10.0    10.0    10.0    10.0    10.0    10.0    10.0    10.0    10.0    10.0    10.0    10.0    10.0    10.0
         10.0    10.0    10.0    10.0    10.0
  24     10.0    10.0    10.0    10.0    10.0    10.0    10.0    10.0    10.0    10.0    10.0    10.0     4.0     4.0     4.0
          4.0     4.0     4.0     4.0     4.0     4.0     4.0     4.0     4.0     4.0     4.0     4.0     4.0     4.0     4.0
          4.0     4.0     4.0     4.0     4.0     4.0     4.0     4.0     4.0     4.0    10.0    10.0    10.0    10.0    10.0
         10.0    10.0    10.0    10.0    10.0    10.0    10.0    10.0    10.0    10.0    10.0    10.0    10.0    10.0    10.0
         10.0    10.0    10.0    10.0    10.0    10.0    10.0    10.0    10.0    10.0    10.0    10.0    10.0    10.0    10.0
         10.0    10.0    10.0    10.0    10.0
  25     10.0    10.0    10.0    10.0    10.0    10.0    10.0    10.0    10.0    10.0    10.0    10.0     4.0     4.0     4.0
          4.0     4.0     4.0     4.0     4.0     4.0     4.0     4.0     4.0     4.0     4.0     4.0     4.0     4.0     4.0
          4.0     4.0     4.0     4.0     4.0     4.0     4.0     4.0     4.0     4.0    10.0    10.0    10.0    10.0    10.0
         10.0    10.0    10.0    10.0    10.0    10.0    10.0    10.0    10.0    10.0    10.0    10.0    10.0    10.0    10.0
         10.0    10.0    10.0    10.0    10.0    10.0    10.0    10.0    10.0    10.0    10.0    10.0    10.0    10.0    10.0
         10.0    10.0    10.0    10.0    10.0
  26     10.0    10.0    10.0    10.0    10.0    10.0    10.0    10.0    10.0    10.0    10.0    10.0     4.0     4.0     4.0
          4.0     4.0     4.0     4.0     4.0     4.0     4.0     4.0     4.0     4.0     4.0     4.0     4.0     4.0     4.0
          4.0     4.0     4.0     4.0     4.0     4.0     4.0     4.0     4.0     4.0    10.0    10.0    10.0    10.0    10.0
         10.0    10.0    10.0    10.0    10.0    10.0    10.0    10.0    10.0    10.0    10.0    10.0    10.0    10.0    10.0
         10.0    10.0    10.0    10.0    10.0    10.0    10.0    10.0    10.0    10.0    10.0    10.0    10.0    10.0    10.0
         10.0    10.0    10.0    10.0    10.0
  27     10.0    10.0    10.0    10.0    10.0    10.0    10.0    10.0    10.0    10.0    10.0    10.0    10.0    10.0    10.0
         10.0    10.0    10.0    10.0    10.0    10.0    10.0    10.0    10.0    10.0    10.0    10.0    10.0    10.0    10.0
         10.0    10.0    10.0    10.0    10.0    10.0    10.0    10.0    10.0    10.0    10.0    10.0    10.0    10.0    10.0
         10.0    10.0    10.0    10.0    10.0    10.0    10.0    10.0    10.0    10.0    10.0    10.0    10.0    10.0    10.0
         10.0    10.0    10.0    10.0    10.0    10.0    10.0    10.0    10.0    10.0    10.0    10.0    10.0    10.0    10.0
         10.0    10.0    10.0    10.0    10.0
  28     10.0    10.0    10.0    10.0    10.0    10.0    10.0    10.0    10.0    10.0    10.0    10.0    10.0    10.0    10.0
         10.0    10.0    10.0    10.0    10.0    10.0    10.0    10.0    10.0    10.0    10.0    10.0    10.0    10.0    10.0
         10.0    10.0    10.0    10.0    10.0    10.0    10.0    10.0    10.0    10.0    10.0    10.0    10.0    10.0    10.0
         10.0    10.0    10.0    10.0    10.0    10.0    10.0    10.0    10.0    10.0    10.0    10.0    10.0    10.0    10.0
         10.0    10.0    10.0    10.0    10.0    10.0    10.0    10.0    10.0    10.0    10.0    10.0    10.0    10.0    10.0
         10.0    10.0    10.0    10.0    10.0
  29     10.0    10.0    10.0    10.0    10.0    10.0    10.0    10.0    10.0    10.0    10.0    10.0    10.0    10.0    10.0
         10.0    10.0    10.0    10.0    10.0    10.0    10.0    10.0    10.0    10.0    10.0    10.0    10.0    10.0    10.0
         10.0    10.0    10.0    10.0    10.0    10.0    10.0    10.0    10.0    10.0    10.0    10.0    10.0    10.0    10.0
         10.0    10.0    10.0    10.0    10.0    10.0    10.0    10.0    10.0    10.0    10.0    10.0    10.0    10.0    10.0
         10.0    10.0    10.0    10.0    10.0    10.0    10.0    10.0    10.0    10.0    10.0    10.0    10.0    10.0    10.0
         10.0    10.0    10.0    10.0    10.0
  30     10.0    10.0    10.0    10.0    10.0    10.0    10.0    10.0    10.0    10.0    10.0    10.0    10.0    10.0    10.0
         10.0    10.0    10.0    10.0    10.0    10.0    10.0    10.0    10.0    10.0    10.0    10.0    10.0    10.0    10.0
         10.0    10.0    10.0    10.0    10.0    10.0    10.0    10.0    10.0    10.0    10.0    10.0    10.0    10.0    10.0
         10.0    10.0    10.0    10.0    10.0    10.0    10.0    10.0    10.0    10.0    10.0    10.0    10.0    10.0    10.0
         10.0    10.0    10.0    10.0    10.0    10.0    10.0    10.0    10.0    10.0    10.0    10.0    10.0    10.0    10.0
         10.0    10.0    10.0    10.0    10.0
  31     10.0    10.0    10.0    10.0    10.0    10.0    10.0    10.0    10.0    10.0    10.0    10.0    10.0    10.0    10.0
         10.0    10.0    10.0    10.0    10.0    10.0    10.0    10.0    10.0    10.0    10.0    10.0    10.0    10.0    10.0
         10.0    10.0    10.0    10.0    10.0    10.0    10.0    10.0    10.0    10.0    10.0    10.0    10.0    10.0    10.0
         10.0    10.0    10.0    10.0    10.0    10.0    10.0    10.0    10.0    10.0    10.0    10.0    10.0    10.0    10.0
         10.0    10.0    10.0    10.0    10.0    10.0    10.0    10.0    10.0    10.0    10.0    10.0    10.0    10.0    10.0
         10.0    10.0    10.0    10.0    10.0
  32     10.0    10.0    10.0    10.0    10.0    10.0    10.0    10.0    10.0    10.0    10.0    10.0    10.0    10.0    10.0
         10.0    10.0    10.0    10.0    10.0    10.0    10.0    10.0    10.0    10.0    10.0    10.0    10.0    10.0    10.0
         10.0    10.0    10.0    10.0    10.0    10.0    10.0    10.0    10.0    10.0    10.0    10.0    10.0    10.0    10.0
         10.0    10.0    10.0    10.0    10.0    10.0    10.0    10.0    10.0    10.0    10.0    10.0    10.0    10.0    10.0
         10.0    10.0    10.0    10.0    10.0    10.0    10.0    10.0    10.0    10.0    10.0    10.0    10.0    10.0    10.0
         10.0    10.0    10.0    10.0    10.0
  33     10.0    10.0    10.0    10.0    10.0    10.0    10.0    10.0    10.0    10.0    10.0    10.0    10.0    10.0    10.0
         10.0    10.0    10.0    10.0    10.0    10.0    10.0    10.0    10.0    10.0    10.0    10.0    10.0    10.0    10.0
         10.0    10.0    10.0    10.0    10.0    10.0    10.0    10.0    10.0    10.0    10.0    10.0    10.0    10.0    10.0
         10.0    10.0    10.0    10.0    10.0    10.0    10.0    10.0    10.0    10.0    10.0    10.0    10.0    10.0    10.0
         10.0    10.0    10.0    10.0    10.0    10.0    10.0    10.0    10.0    10.0    10.0    10.0    10.0    10.0    10.0
         10.0    10.0    10.0    10.0    10.0
  34     10.0    10.0    10.0    10.0    10.0    10.0    10.0    10.0    10.0    10.0    10.0    10.0    10.0    10.0    10.0
         10.0    10.0    10.0    10.0    10.0    10.0    10.0    10.0    10.0    10.0    10.0    10.0    10.0    10.0    10.0
         10.0    10.0    10.0    10.0    10.0    10.0    10.0    10.0    10.0    10.0    10.0    10.0    10.0    10.0    10.0
         10.0    10.0    10.0    10.0    10.0    10.0    10.0    10.0    10.0    10.0    10.0    10.0    10.0    10.0    10.0
         10.0    10.0    10.0    10.0    10.0    10.0    10.0    10.0    10.0    10.0    10.0    10.0    10.0    10.0    10.0
         10.0    10.0    10.0    10.0    10.0
  35     10.0    10.0    10.0    10.0    10.0    10.0    10.0    10.0    10.0    10.0    10.0    10.0    10.0    10.0    10.0
         10.0    10.0    10.0    10.0    10.0    10.0    10.0    10.0    10.0    10.0    10.0    10.0    10.0    10.0    10.0
         10.0    10.0    10.0    10.0    10.0    10.0    10.0    10.0    10.0    10.0    10.0    10.0    10.0    10.0    10.0
         10.0    10.0    10.0    10.0    10.0    10.0    10.0    10.0    10.0    10.0    10.0    10.0    10.0    10.0    10.0
         10.0    10.0    10.0    10.0    10.0    10.0    10.0    10.0    10.0    10.0    10.0    10.0    10.0    10.0    10.0
         10.0    10.0    10.0    10.0    10.0
  36     10.0    10.0    10.0    10.0    10.0    10.0    10.0    10.0    10.0    10.0    10.0    10.0    10.0    10.0    10.0
         10.0    10.0    10.0    10.0    10.0    10.0    10.0    10.0    10.0    10.0    10.0    10.0    10.0    10.0    10.0
         10.0    10.0    10.0    10.0    10.0    10.0    10.0    10.0    10.0    10.0    10.0    10.0    10.0    10.0    10.0
         10.0    10.0    10.0    10.0    10.0    10.0    10.0    10.0    10.0    10.0    10.0    10.0    10.0    10.0    10.0
         10.0    10.0    10.0    10.0    10.0    10.0    10.0    10.0    10.0    10.0    10.0    10.0    10.0    10.0    10.0
         10.0    10.0    10.0    10.0    10.0
  37     10.0    10.0    10.0    10.0    10.0    10.0    10.0    10.0    10.0    10.0    10.0    10.0    10.0    10.0    10.0
         10.0    10.0    10.0    10.0    10.0    10.0    10.0    10.0    10.0    10.0    10.0    10.0    10.0    10.0    10.0
         10.0    10.0    10.0    10.0    10.0    10.0    10.0    10.0    10.0    10.0    10.0    10.0    10.0    10.0    10.0
         10.0    10.0    10.0    10.0    10.0    10.0    10.0    10.0    10.0    10.0    10.0    10.0    10.0    10.0    10.0
         10.0    10.0    10.0    10.0    10.0    10.0    10.0    10.0    10.0    10.0    10.0    10.0    10.0    10.0    10.0
         10.0    10.0    10.0    10.0    10.0
  38     10.0    10.0    10.0    10.0    10.0    10.0    10.0    10.0    10.0    10.0    10.0    10.0    10.0    10.0    10.0
         10.0    10.0    10.0    10.0    10.0    10.0    10.0    10.0    10.0    10.0    10.0    10.0    10.0    10.0    10.0
         10.0    10.0    10.0    10.0    10.0    10.0    10.0    10.0    10.0    10.0    10.0    10.0    10.0    10.0    10.0
         10.0    10.0    10.0    10.0    10.0    10.0    10.0    10.0    10.0    10.0    10.0    10.0    10.0    10.0    10.0
         10.0    10.0    10.0    10.0    10.0    10.0    10.0    10.0    10.0    10.0    10.0    10.0    10.0    10.0    10.0
         10.0    10.0    10.0    10.0    10.0
  39     10.0    10.0    10.0    10.0    10.0    10.0    10.0    10.0    10.0    10.0    10.0    10.0    10.0    10.0    10.0
         10.0    10.0    10.0    10.0    10.0    10.0    10.0    10.0    10.0    10.0    10.0    10.0    10.0    10.0    10.0
         10.0    10.0    10.0    10.0    10.0    10.0    10.0    10.0    10.0    10.0    10.0    10.0    10.0    10.0    10.0
         10.0    10.0    10.0    10.0    10.0    10.0    10.0    10.0    10.0    10.0    10.0    10.0    10.0    10.0    10.0
         10.0    10.0    10.0    10.0    10.0    10.0    10.0    10.0    10.0    10.0    10.0    10.0    10.0    10.0    10.0
         10.0    10.0    10.0    10.0    10.0
  40     10.0    10.0    10.0    10.0    10.0    10.0    10.0    10.0    10.0    10.0    10.0    10.0    10.0    10.0    10.0
         10.0    10.0    10.0    10.0    10.0    10.0    10.0    10.0    10.0    10.0    10.0    10.0    10.0    10.0    10.0
         10.0    10.0    10.0    10.0    10.0    10.0    10.0    10.0    10.0    10.0    10.0    10.0    10.0    10.0    10.0
         10.0    10.0    10.0    10.0    10.0    10.0    10.0    10.0    10.0    10.0    10.0    10.0    10.0    10.0    10.0
         10.0    10.0    10.0    10.0    10.0    10.0    10.0    10.0    10.0    10.0    10.0    10.0    10.0    10.0    10.0
         10.0    10.0    10.0    10.0    10.0

      VERTICAL HYD. COND. =   1.00000     FOR LAYER   1
 
 #         0                                                                     
 THE FREE FORMAT OPTION HAS BEEN SELECTED
    1 LAYERS        40 ROWS        80 COLUMNS
    1 STRESS PERIOD(S) IN SIMULATION

 BAS6 -- BASIC PACKAGE, VERSION 6, 1/11/2000 INPUT READ FROM UNIT   11
          5 ELEMENTS IN IR ARRAY ARE USED BY BAS

          0  ELEMENTS OF RX ARRAY USED OUT OF          1
          0  ELEMENTS OF RZ ARRAY USED OUT OF          1
          5  ELEMENTS OF IR ARRAY USED OUT OF          5
1
 #         0                                                                     
                                                                                 



                     BOUNDARY ARRAY FOR LAYER   1
 READING ON UNIT   11 WITH FORMAT: (80I3)              

        1   2   3   4   5   6   7   8   9  10  11  12  13  14  15  16  17  18  19  20  21  22  23  24  25  26  27  28  29  30
       31  32  33  34  35  36  37  38  39  40  41  42  43  44  45  46  47  48  49  50  51  52  53  54  55  56  57  58  59  60
       61  62  63  64  65  66  67  68  69  70  71  72  73  74  75  76  77  78  79  80
 ............................................................................................................................
   1   -1   1   1   1   1   1   1   1   1   1   1   1   1   1   1   1   1   1   1   1   1   1   1   1   1   1   1   1   1   1
        1   1   1   1   1   1   1   1   1   1   1   1   1   1   1   1   1   1   1   1   1   1   1   1   1   1   1   1   1   1
        1   1   1   1   1   1   1   1   1   1   1   1   1   1   1   1   1   1   1  -1
   2   -1   1   1   1   1   1   1   1   1   1   1   1   1   1   1   1   1   1   1   1   1   1   1   1   1   1   1   1   1   1
        1   1   1   1   1   1   1   1   1   1   1   1   1   1   1   1   1   1   1   1   1   1   1   1   1   1   1   1   1   1
        1   1   1   1   1   1   1   1   1   1   1   1   1   1   1   1   1   1   1  -1
   3   -1   1   1   1   1   1   1   1   1   1   1   1   1   1   1   1   1   1   1   1   1   1   1   1   1   1   1   1   1   1
        1   1   1   1   1   1   1   1   1   1   1   1   1   1   1   1   1   1   1   1   1   1   1   1   1   1   1   1   1   1
        1   1   1   1   1   1   1   1   1   1   1   1   1   1   1   1   1   1   1  -1
   4   -1   1   1   1   1   1   1   1   1   1   1   1   1   1   1   1   1   1   1   1   1   1   1   1   1   1   1   1   1   1
        1   1   1   1   1   1   1   1   1   1   1   1   1   1   1   1   1   1   1   1   1   1   1   1   1   1   1   1   1   1
        1   1   1   1   1   1   1   1   1   1   1   1   1   1   1   1   1   1   1  -1
   5   -1   1   1   1   1   1   1   1   1   1   1   1   1   1   1   1   1   1   1   1   1   1   1   1   1   1   1   1   1   1
        1   1   1   1   1   1   1   1   1   1   1   1   1   1   1   1   1   1   1   1   1   1   1   1   1   1   1   1   1   1
        1   1   1   1   1   1   1   1   1   1   1   1   1   1   1   1   1   1   1  -1
   6   -1   1   1   1   1   1   1   1   1   1   1   1   1   1   1   1   1   1   1   1   1   1   1   1   1   1   1   1   1   1
        1   1   1   1   1   1   1   1   1   1   1   1   1   1   1   1   1   1   1   1   1   1   1   1   1   1   1   1   1   1
        1   1   1   1   1   1   1   1   1   1   1   1   1   1   1   1   1   1   1  -1
   7   -1   1   1   1   1   1   1   1   1   1   1   1   1   1   1   1   1   1   1   1   1   1   1   1   1   1   1   1   1   1
        1   1   1   1   1   1   1   1   1   1   1   1   1   1   1   1   1   1   1   1   1   1   1   1   1   1   1   1   1   1
        1   1   1   1   1   1   1   1   1   1   1   1   1   1   1   1   1   1   1  -1
   8   -1   1   1   1   1   1   1   1   1   1   1   1   1   1   1   1   1   1   1   1   1   1   1   1   1   1   1   1   1   1
        1   1   1   1   1   1   1   1   1   1   1   1   1   1   1   1   1   1   1   1   1   1   1   1   1   1   1   1   1   1
        1   1   1   1   1   1   1   1   1   1   1   1   1   1   1   1   1   1   1  -1
   9   -1   1   1   1   1   1   1   1   1   1   1   1   1   1   1   1   1   1   1   1   1   1   1   1   1   1   1   1   1   1
        1   1   1   1   1   1   1   1   1   1   1   1   1   1   1   1   1   1   1   1   1   1   1   1   1   1   1   1   1   1
        1   1   1   1   1   1   1   1   1   1   1   1   1   1   1   1   1   1   1  -1
  10   -1   1   1   1   1   1   1   1   1   1   1   1   1   1   1   1   1   1   1   1   1   1   1   1   1   1   1   1   1   1
        1   1   1   1   1   1   1   1   1   1   1   1   1   1   1   1   1   1   1   1   1   1   1   1   1   1   1   1   1   1
        1   1   1   1   1   1   1   1   1   1   1   1   1   1   1   1   1   1   1  -1
  11   -1   1   1   1   1   1   1   1   1   1   1   1   1   1   1   1   1   1   1   1   1   1   1   1   1   1   1   1   1   1
        1   1   1   1   1   1   1   1   1   1   1   1   1   1   1   1   1   1   1   1   1   1   1   1   1   1   1   1   1   1
        1   1   1   1   1   1   1   1   1   1   1   1   1   1   1   1   1   1   1  -1
  12   -1   1   1   1   1   1   1   1   1   1   1   1   1   1   1   1   1   1   1   1   1   1   1   1   1   1   1   1   1   1
        1   1   1   1   1   1   1   1   1   1   1   1   1   1   1   1   1   1   1   1   1   1   1   1   1   1   1   1   1   1
        1   1   1   1   1   1   1   1   1   1   1   1   1   1   1   1   1   1   1  -1
  13   -1   1   1   1   1   1   1   1   1   1   1   1   1   1   1   1   1   1   1   1   1   1   1   1   1   1   1   1   1   1
        1   1   1   1   1   1   1   1   1   1   1   1   1   1   1   1   1   1   1   1   1   1   1   1   1   1   1   1   1   1
        1   1   1   1   1   1   1   1   1   1   1   1   1   1   1   1   1   1   1  -1
  14   -1   1   1   1   1   1   1   1   1   1   1   1   1   1   1   1   1   1   1   1   1   1   1   1   1   1   1   1   1   1
        1   1   1   1   1   1   1   1   1   1   1   1   1   1   1   1   1   1   1   1   1   1   1   1   1   1   1   1   1   1
        1   1   1   1   1   1   1   1   1   1   1   1   1   1   1   1   1   1   1  -1
  15   -1   1   1   1   1   1   1   1   1   1   1   1   1   1   1   1   1   1   1   1   1   1   1   1   1   1   1   1   1   1
        1   1   1   1   1   1   1   1   1   1   1   1   1   1   1   1   1   1   1   1   1   1   1   1   1   1   1   1   1   1
        1   1   1   1   1   1   1   1   1   1   1   1   1   1   1   1   1   1   1  -1
  16   -1   1   1   1   1   1   1   1   1   1   1   1   1   1   1   1   1   1   1   1   1   1   1   1   1   1   1   1   1   1
        1   1   1   1   1   1   1   1   1   1   1   1   1   1   1   1   1   1   1   1   1   1   1   1   1   1   1   1   1   1
        1   1   1   1   1   1   1   1   1   1   1   1   1   1   1   1   1   1   1  -1
  17   -1   1   1   1   1   1   1   1   1   1   1   1   1   1   1   1   1   1   1   1   1   1   1   1   1   1   1   1   1   1
        1   1   1   1   1   1   1   1   1   1   1   1   1   1   1   1   1   1   1   1   1   1   1   1   1   1   1   1   1   1
        1   1   1   1   1   1   1   1   1   1   1   1   1   1   1   1   1   1   1  -1
  18   -1   1   1   1   1   1   1   1   1   1   1   1   1   1   1   1   1   1   1   1   1   1   1   1   1   1   1   1   1   1
        1   1   1   1   1   1   1   1   1   1   1   1   1   1   1   1   1   1   1   1   1   1   1   1   1   1   1   1   1   1
        1   1   1   1   1   1   1   1   1   1   1   1   1   1   1   1   1   1   1  -1
  19   -1   1   1   1   1   1   1   1   1   1   1   1   1   1   1   1   1   1   1   1   1   1   1   1   1   1   1   1   1   1
        1   1   1   1   1   1   1   1   1   1   1   1   1   1   1   1   1   1   1   1   1   1   1   1   1   1   1   1   1   1
        1   1   1   1   1   1   1   1   1   1   1   1   1   1   1   1   1   1   1  -1
  20   -1   1   1   1   1   1   1   1   1   1   1   1   1   1   1   1   1   1   1   1   1   1   1   1   1   1   1   1   1   1
        1   1   1   1   1   1   1   1   1   1   1   1   1   1   1   1   1   1   1   1   1   1   1   1   1   1   1   1   1   1
        1   1   1   1   1   1   1   1   1   1   1   1   1   1   1   1   1   1   1  -1
  21   -1   1   1   1   1   1   1   1   1   1   1   1   1   1   1   1   1   1   1   1   1   1   1   1   1   1   1   1   1   1
        1   1   1   1   1   1   1   1   1   1   1   1   1   1   1   1   1   1   1   1   1   1   1   1   1   1   1   1   1   1
        1   1   1   1   1   1   1   1   1   1   1   1   1   1   1   1   1   1   1  -1
  22   -1   1   1   1   1   1   1   1   1   1   1   1   1   1   1   1   1   1   1   1   1   1   1   1   1   1   1   1   1   1
        1   1   1   1   1   1   1   1   1   1   1   1   1   1   1   1   1   1   1   1   1   1   1   1   1   1   1   1   1   1
        1   1   1   1   1   1   1   1   1   1   1   1   1   1   1   1   1   1   1  -1
  23   -1   1   1   1   1   1   1   1   1   1   1   1   1   1   1   1   1   1   1   1   1   1   1   1   1   1   1   1   1   1
        1   1   1   1   1   1   1   1   1   1   1   1   1   1   1   1   1   1   1   1   1   1   1   1   1   1   1   1   1   1
        1   1   1   1   1   1   1   1   1   1   1   1   1   1   1   1   1   1   1  -1
  24   -1   1   1   1   1   1   1   1   1   1   1   1   1   1   1   1   1   1   1   1   1   1   1   1   1   1   1   1   1   1
        1   1   1   1   1   1   1   1   1   1   1   1   1   1   1   1   1   1   1   1   1   1   1   1   1   1   1   1   1   1
        1   1   1   1   1   1   1   1   1   1   1   1   1   1   1   1   1   1   1  -1
  25   -1   1   1   1   1   1   1   1   1   1   1   1   1   1   1   1   1   1   1   1   1   1   1   1   1   1   1   1   1   1
        1   1   1   1   1   1   1   1   1   1   1   1   1   1   1   1   1   1   1   1   1   1   1   1   1   1   1   1   1   1
        1   1   1   1   1   1   1   1   1   1   1   1   1   1   1   1   1   1   1  -1
  26   -1   1   1   1   1   1   1   1   1   1   1   1   1   1   1   1   1   1   1   1   1   1   1   1   1   1   1   1   1   1
        1   1   1   1   1   1   1   1   1   1   1   1   1   1   1   1   1   1   1   1   1   1   1   1   1   1   1   1   1   1
        1   1   1   1   1   1   1   1   1   1   1   1   1   1   1   1   1   1   1  -1
  27   -1   1   1   1   1   1   1   1   1   1   1   1   1   1   1   1   1   1   1   1   1   1   1   1   1   1   1   1   1   1
        1   1   1   1   1   1   1   1   1   1   1   1   1   1   1   1   1   1   1   1   1   1   1   1   1   1   1   1   1   1
        1   1   1   1   1   1   1   1   1   1   1   1   1   1   1   1   1   1   1  -1
  28   -1   1   1   1   1   1   1   1   1   1   1   1   1   1   1   1   1   1   1   1   1   1   1   1   1   1   1   1   1   1
        1   1   1   1   1   1   1   1   1   1   1   1   1   1   1   1   1   1   1   1   1   1   1   1   1   1   1   1   1   1
        1   1   1   1   1   1   1   1   1   1   1   1   1   1   1   1   1   1   1  -1
  29   -1   1   1   1   1   1   1   1   1   1   1   1   1   1   1   1   1   1   1   1   1   1   1   1   1   1   1   1   1   1
        1   1   1   1   1   1   1   1   1   1   1   1   1   1   1   1   1   1   1   1   1   1   1   1   1   1   1   1   1   1
        1   1   1   1   1   1   1   1   1   1   1   1   1   1   1   1   1   1   1  -1
  30   -1   1   1   1   1   1   1   1   1   1   1   1   1   1   1   1   1   1   1   1   1   1   1   1   1   1   1   1   1   1
        1   1   1   1   1   1   1   1   1   1   1   1   1   1   1   1   1   1   1   1   1   1   1   1   1   1   1   1   1   1
        1   1   1   1   1   1   1   1   1   1   1   1   1   1   1   1   1   1   1  -1
  31   -1   1   1   1   1   1   1   1   1   1   1   1   1   1   1   1   1   1   1   1   1   1   1   1   1   1   1   1   1   1
        1   1   1   1   1   1   1   1   1   1   1   1   1   1   1   1   1   1   1   1   1   1   1   1   1   1   1   1   1   1
        1   1   1   1   1   1   1   1   1   1   1   1   1   1   1   1   1   1   1  -1
  32   -1   1   1   1   1   1   1   1   1   1   1   1   1   1   1   1   1   1   1   1   1   1   1   1   1   1   1   1   1   1
        1   1   1   1   1   1   1   1   1   1   1   1   1   1   1   1   1   1   1   1   1   1   1   1   1   1   1   1   1   1
        1   1   1   1   1   1   1   1   1   1   1   1   1   1   1   1   1   1   1  -1
  33   -1   1   1   1   1   1   1   1   1   1   1   1   1   1   1   1   1   1   1   1   1   1   1   1   1   1   1   1   1   1
        1   1   1   1   1   1   1   1   1   1   1   1   1   1   1   1   1   1   1   1   1   1   1   1   1   1   1   1   1   1
        1   1   1   1   1   1   1   1   1   1   1   1   1   1   1   1   1   1   1  -1
  34   -1   1   1   1   1   1   1   1   1   1   1   1   1   1   1   1   1   1   1   1   1   1   1   1   1   1   1   1   1   1
        1   1   1   1   1   1   1   1   1   1   1   1   1   1   1   1   1   1   1   1   1   1   1   1   1   1   1   1   1   1
        1   1   1   1   1   1   1   1   1   1   1   1   1   1   1   1   1   1   1  -1
  35   -1   1   1   1   1   1   1   1   1   1   1   1   1   1   1   1   1   1   1   1   1   1   1   1   1   1   1   1   1   1
        1   1   1   1   1   1   1   1   1   1   1   1   1   1   1   1   1   1   1   1   1   1   1   1   1   1   1   1   1   1
        1   1   1   1   1   1   1   1   1   1   1   1   1   1   1   1   1   1   1  -1
  36   -1   1   1   1   1   1   1   1   1   1   1   1   1   1   1   1   1   1   1   1   1   1   1   1   1   1   1   1   1   1
        1   1   1   1   1   1   1   1   1   1   1   1   1   1   1   1   1   1   1   1   1   1   1   1   1   1   1   1   1   1
        1   1   1   1   1   1   1   1   1   1   1   1   1   1   1   1   1   1   1  -1
  37   -1   1   1   1   1   1   1   1   1   1   1   1   1   1   1   1   1   1   1   1   1   1   1   1   1   1   1   1   1   1
        1   1   1   1   1   1   1   1   1   1   1   1   1   1   1   1   1   1   1   1   1   1   1   1   1   1   1   1   1   1
        1   1   1   1   1   1   1   1   1   1   1   1   1   1   1   1   1   1   1  -1
  38   -1   1   1   1   1   1   1   1   1   1   1   1   1   1   1   1   1   1   1   1   1   1   1   1   1   1   1   1   1   1
        1   1   1   1   1   1   1   1   1   1   1   1   1   1   1   1   1   1   1   1   1   1   1   1   1   1   1   1   1   1
        1   1   1   1   1   1   1   1   1   1   1   1   1   1   1   1   1   1   1  -1
  39   -1   1   1   1   1   1   1   1   1   1   1   1   1   1   1   1   1   1   1   1   1   1   1   1   1   1   1   1   1   1
        1   1   1   1   1   1   1   1   1   1   1   1   1   1   1   1   1   1   1   1   1   1   1   1   1   1   1   1   1   1
        1   1   1   1   1   1   1   1   1   1   1   1   1   1   1   1   1   1   1  -1
  40   -1   1   1   1   1   1   1   1   1   1   1   1   1   1   1   1   1   1   1   1   1   1   1   1   1   1   1   1   1   1
        1   1   1   1   1   1   1   1   1   1   1   1   1   1   1   1   1   1   1   1   1   1   1   1   1   1   1   1   1   1
        1   1   1   1   1   1   1   1   1   1   1   1   1   1   1   1   1   1   1  -1

 AQUIFER HEAD WILL BE SET TO  0.0000     AT ALL NO-FLOW NODES (IBOUND=0).



                       INITIAL HEAD FOR LAYER   1
 READING ON UNIT   11 WITH FORMAT: (80G12.4)           

           1       2       3       4       5       6       7       8       9      10      11      12      13      14      15
          16      17      18      19      20      21      22      23      24      25      26      27      28      29      30
          31      32      33      34      35      36      37      38      39      40      41      42      43      44      45
          46      47      48      49      50      51      52      53      54      55      56      57      58      59      60
          61      62      63      64      65      66      67      68      69      70      71      72      73      74      75
          76      77      78      79      80
 ...........................................................................................................................
   1      5.0     3.0     3.0     3.0     3.0     3.0     3.0     3.0     3.0     3.0     3.0     3.0     3.0     3.0     3.0
          3.0     3.0     3.0     3.0     3.0     3.0     3.0     3.0     3.0     3.0     3.0     3.0     3.0     3.0     3.0
          3.0     3.0     3.0     3.0     3.0     3.0     3.0     3.0     3.0     3.0     3.0     3.0     3.0     3.0     3.0
          3.0     3.0     3.0     3.0     3.0     3.0     3.0     3.0     3.0     3.0     3.0     3.0     3.0     3.0     3.0
          3.0     3.0     3.0     3.0     3.0     3.0     3.0     3.0     3.0     3.0     3.0     3.0     3.0     3.0     3.0
          3.0     3.0     3.0     3.0     3.0
   2      5.0     3.0     3.0     3.0     3.0     3.0     3.0     3.0     3.0     3.0     3.0     3.0     3.0     3.0     3.0
          3.0     3.0     3.0     3.0     3.0     3.0     3.0     3.0     3.0     3.0     3.0     3.0     3.0     3.0     3.0
          3.0     3.0     3.0     3.0     3.0     3.0     3.0     3.0     3.0     3.0     3.0     3.0     3.0     3.0     3.0
          3.0     3.0     3.0     3.0     3.0     3.0     3.0     3.0     3.0     3.0     3.0     3.0     3.0     3.0     3.0
          3.0     3.0     3.0     3.0     3.0     3.0     3.0     3.0     3.0     3.0     3.0     3.0     3.0     3.0     3.0
          3.0     3.0     3.0     3.0     3.0
   3      5.0     3.0     3.0     3.0     3.0     3.0     3.0     3.0     3.0     3.0     3.0     3.0     3.0     3.0     3.0
          3.0     3.0     3.0     3.0     3.0     3.0     3.0     3.0     3.0     3.0     3.0     3.0     3.0     3.0     3.0
          3.0     3.0     3.0     3.0     3.0     3.0     3.0     3.0     3.0     3.0     3.0     3.0     3.0     3.0     3.0
          3.0     3.0     3.0     3.0     3.0     3.0     3.0     3.0     3.0     3.0     3.0     3.0     3.0     3.0     3.0
          3.0     3.0     3.0     3.0     3.0     3.0     3.0     3.0     3.0     3.0     3.0     3.0     3.0     3.0     3.0
          3.0     3.0     3.0     3.0     3.0
   4      5.0     3.0     3.0     3.0     3.0     3.0     3.0     3.0     3.0     3.0     3.0     3.0     3.0     3.0     3.0
          3.0     3.0     3.0     3.0     3.0     3.0     3.0     3.0     3.0     3.0     3.0     3.0     3.0     3.0     3.0
          3.0     3.0     3.0     3.0     3.0     3.0     3.0     3.0     3.0     3.0     3.0     3.0     3.0     3.0     3.0
          3.0     3.0     3.0     3.0     3.0     3.0     3.0     3.0     3.0     3.0     3.0     3.0     3.0     3.0     3.0
          3.0     3.0     3.0     3.0     3.0     3.0     3.0     3.0     3.0     3.0     3.0     3.0     3.0     3.0     3.0
          3.0     3.0     3.0     3.0     3.0
   5      5.0     3.0     3.0     3.0     3.0     3.0     3.0     3.0     3.0     3.0     3.0     3.0     3.0     3.0     3.0
          3.0     3.0     3.0     3.0     3.0     3.0     3.0     3.0     3.0     3.0     3.0     3.0     3.0     3.0     3.0
          3.0     3.0     3.0     3.0     3.0     3.0     3.0     3.0     3.0     3.0     3.0     3.0     3.0     3.0     3.0
          3.0     3.0     3.0     3.0     3.0     3.0     3.0     3.0     3.0     3.0     3.0     3.0     3.0     3.0     3.0
          3.0     3.0     3.0     3.0     3.0     3.0     3.0     3.0     3.0     3.0     3.0     3.0     3.0     3.0     3.0
          3.0     3.0     3.0     3.0     3.0
   6      5.0     3.0     3.0     3.0     3.0     3.0     3.0     3.0     3.0     3.0     3.0     3.0     3.0     3.0     3.0
          3.0     3.0     3.0     3.0     3.0     3.0     3.0     3.0     3.0     3.0     3.0     3.0     3.0     3.0     3.0
          3.0     3.0     3.0     3.0     3.0     3.0     3.0     3.0     3.0     3.0     3.0     3.0     3.0     3.0     3.0
          3.0     3.0     3.0     3.0     3.0     3.0     3.0     3.0     3.0     3.0     3.0     3.0     3.0     3.0     3.0
          3.0     3.0     3.0     3.0     3.0     3.0     3.0     3.0     3.0     3.0     3.0     3.0     3.0     3.0     3.0
          3.0     3.0     3.0     3.0     3.0
   7      5.0     3.0     3.0     3.0     3.0     3.0     3.0     3.0     3.0     3.0     3.0     3.0     3.0     3.0     3.0
          3.0     3.0     3.0     3.0     3.0     3.0     3.0     3.0     3.0     3.0     3.0     3.0     3.0     3.0     3.0
          3.0     3.0     3.0     3.0     3.0     3.0     3.0     3.0     3.0     3.0     3.0     3.0     3.0     3.0     3.0
          3.0     3.0     3.0     3.0     3.0     3.0     3.0     3.0     3.0     3.0     3.0     3.0     3.0     3.0     3.0
          3.0     3.0     3.0     3.0     3.0     3.0     3.0     3.0     3.0     3.0     3.0     3.0     3.0     3.0     3.0
          3.0     3.0     3.0     3.0     3.0
   8      5.0     3.0     3.0     3.0     3.0     3.0     3.0     3.0     3.0     3.0     3.0     3.0     3.0     3.0     3.0
          3.0     3.0     3.0     3.0     3.0     3.0     3.0     3.0     3.0     3.0     3.0     3.0     3.0     3.0     3.0
          3.0     3.0     3.0     3.0     3.0     3.0     3.0     3.0     3.0     3.0     3.0     3.0     3.0     3.0     3.0
          3.0     3.0     3.0     3.0     3.0     3.0     3.0     3.0     3.0     3.0     3.0     3.0     3.0     3.0     3.0
          3.0     3.0     3.0     3.0     3.0     3.0     3.0     3.0     3.0     3.0     3.0     3.0     3.0     3.0     3.0
          3.0     3.0     3.0     3.0     3.0
   9      5.0     3.0     3.0     3.0     3.0     3.0     3.0     3.0     3.0     3.0     3.0     3.0     3.0     3.0     3.0
          3.0     3.0     3.0     3.0     3.0     3.0     3.0     3.0     3.0     3.0     3.0     3.0     3.0     3.0     3.0
          3.0     3.0     3.0     3.0     3.0     3.0     3.0     3.0     3.0     3.0     3.0     3.0     3.0     3.0     3.0
          3.0     3.0     3.0     3.0     3.0     3.0     3.0     3.0     3.0     3.0     3.0     3.0     3.0     3.0     3.0
          3.0     3.0     3.0     3.0     3.0     3.0     3.0     3.0     3.0     3.0     3.0     3.0     3.0     3.0     3.0
          3.0     3.0     3.0     3.0     3.0
  10      5.0     3.0     3.0     3.0     3.0     3.0     3.0     3.0     3.0     3.0     3.0     3.0     3.0     3.0     3.0
          3.0     3.0     3.0     3.0     3.0     3.0     3.0     3.0     3.0     3.0     3.0     3.0     3.0     3.0     3.0
          3.0     3.0     3.0     3.0     3.0     3.0     3.0     3.0     3.0     3.0     3.0     3.0     3.0     3.0     3.0
          3.0     3.0     3.0     3.0     3.0     3.0     3.0     3.0     3.0     3.0     3.0     3.0     3.0     3.0     3.0
          3.0     3.0     3.0     3.0     3.0     3.0     3.0     3.0     3.0     3.0     3.0     3.0     3.0     3.0     3.0
          3.0     3.0     3.0     3.0     3.0
  11      5.0     3.0     3.0     3.0     3.0     3.0     3.0     3.0     3.0     3.0     3.0     3.0     3.0     3.0     3.0
          3.0     3.0     3.0     3.0     3.0     3.0     3.0     3.0     3.0     3.0     3.0     3.0     3.0     3.0     3.0
          3.0     3.0     3.0     3.0     3.0     3.0     3.0     3.0     3.0     3.0     3.0     3.0     3.0     3.0     3.0
          3.0     3.0     3.0     3.0     3.0     3.0     3.0     3.0     3.0     3.0     3.0     3.0     3.0     3.0     3.0
          3.0     3.0     3.0     3.0     3.0     3.0     3.0     3.0     3.0     3.0     3.0     3.0     3.0     3.0     3.0
          3.0     3.0     3.0     3.0     3.0
  12      5.0     3.0     3.0     3.0     3.0     3.0     3.0     3.0     3.0     3.0     3.0     3.0     3.0     3.0     3.0
          3.0     3.0     3.0     3.0     3.0     3.0     3.0     3.0     3.0     3.0     3.0     3.0     3.0     3.0     3.0
          3.0     3.0     3.0     3.0     3.0     3.0     3.0     3.0     3.0     3.0     3.0     3.0     3.0     3.0     3.0
          3.0     3.0     3.0     3.0     3.0     3.0     3.0     3.0     3.0     3.0     3.0     3.0     3.0     3.0     3.0
          3.0     3.0     3.0     3.0     3.0     3.0     3.0     3.0     3.0     3.0     3.0     3.0     3.0     3.0     3.0
          3.0     3.0     3.0     3.0     3.0
  13      5.0     3.0     3.0     3.0     3.0     3.0     3.0     3.0     3.0     3.0     3.0     3.0     3.0     3.0     3.0
          3.0     3.0     3.0     3.0     3.0     3.0     3.0     3.0     3.0     3.0     3.0     3.0     3.0     3.0     3.0
          3.0     3.0     3.0     3.0     3.0     3.0     3.0     3.0     3.0     3.0     3.0     3.0     3.0     3.0     3.0
          3.0     3.0     3.0     3.0     3.0     3.0     3.0     3.0     3.0     3.0     3.0     3.0     3.0     3.0     3.0
          3.0     3.0     3.0     3.0     3.0     3.0     3.0     3.0     3.0     3.0     3.0     3.0     3.0     3.0     3.0
          3.0     3.0     3.0     3.0     3.0
  14      5.0     3.0     3.0     3.0     3.0     3.0     3.0     3.0     3.0     3.0     3.0     3.0     3.0     3.0     3.0
          3.0     3.0     3.0     3.0     3.0     3.0     3.0     3.0     3.0     3.0     3.0     3.0     3.0     3.0     3.0
          3.0     3.0     3.0     3.0     3.0     3.0     3.0     3.0     3.0     3.0     3.0     3.0     3.0     3.0     3.0
          3.0     3.0     3.0     3.0     3.0     3.0     3.0     3.0     3.0     3.0     3.0     3.0     3.0     3.0     3.0
          3.0     3.0     3.0     3.0     3.0     3.0     3.0     3.0     3.0     3.0     3.0     3.0     3.0     3.0     3.0
          3.0     3.0     3.0     3.0     3.0
  15      5.0     3.0     3.0     3.0     3.0     3.0     3.0     3.0     3.0     3.0     3.0     3.0     3.0     3.0     3.0
          3.0     3.0     3.0     3.0     3.0     3.0     3.0     3.0     3.0     3.0     3.0     3.0     3.0     3.0     3.0
          3.0     3.0     3.0     3.0     3.0     3.0     3.0     3.0     3.0     3.0     3.0     3.0     3.0     3.0     3.0
          3.0     3.0     3.0     3.0     3.0     3.0     3.0     3.0     3.0     3.0     3.0     3.0     3.0     3.0     3.0
          3.0     3.0     3.0     3.0     3.0     3.0     3.0     3.0     3.0     3.0     3.0     3.0     3.0     3.0     3.0
          3.0     3.0     3.0     3.0     3.0
  16      5.0     3.0     3.0     3.0     3.0     3.0     3.0     3.0     3.0     3.0     3.0     3.0     3.0     3.0     3.0
          3.0     3.0     3.0     3.0     3.0     3.0     3.0     3.0     3.0     3.0     3.0     3.0     3.0     3.0     3.0
          3.0     3.0     3.0     3.0     3.0     3.0     3.0     3.0     3.0     3.0     3.0     3.0     3.0     3.0     3.0
          3.0     3.0     3.0     3.0     3.0     3.0     3.0     3.0     3.0     3.0     3.0     3.0     3.0     3.0     3.0
          3.0     3.0     3.0     3.0     3.0     3.0     3.0     3.0     3.0     3.0     3.0     3.0     3.0     3.0     3.0
          3.0     3.0     3.0     3.0     3.0
  17      5.0     3.0     3.0     3.0     3.0     3.0     3.0     3.0     3.0     3.0     3.0     3.0     3.0     3.0     3.0
          3.0     3.0     3.0     3.0     3.0     3.0     3.0     3.0     3.0     3.0     3.0     3.0     3.0     3.0     3.0
          3.0     3.0     3.0     3.0     3.0     3.0     3.0     3.0     3.0     3.0     3.0     3.0     3.0     3.0     3.0
          3.0     3.0     3.0     3.0     3.0     3.0     3.0     3.0     3.0     3.0     3.0     3.0     3.0     3.0     3.0
          3.0     3.0     3.0     3.0     3.0     3.0     3.0     3.0     3.0     3.0     3.0     3.0     3.0     3.0     3.0
          3.0     3.0     3.0     3.0     3.0
  18      5.0     3.0     3.0     3.0     3.0     3.0     3.0     3.0     3.0     3.0     3.0     3.0     3.0     3.0     3.0
          3.0     3.0     3.0     3.0     3.0     3.0     3.0     3.0     3.0     3.0     3.0     3.0     3.0     3.0     3.0
          3.0     3.0     3.0     3.0     3.0     3.0     3.0     3.0     3.0     3.0     3.0     3.0     3.0     3.0     3.0
          3.0     3.0     3.0     3.0     3.0     3.0     3.0     3.0     3.0     3.0     3.0     3.0     3.0     3.0     3.0
          3.0     3.0     3.0     3.0     3.0     3.0     3.0     3.0     3.0     3.0     3.0     3.0     3.0     3.0     3.0
          3.0     3.0     3.0     3.0     3.0
  19      5.0     3.0     3.0     3.0     3.0     3.0     3.0     3.0     3.0     3.0     3.0     3.0     3.0     3.0     3.0
          3.0     3.0     3.0     3.0     3.0     3.0     3.0     3.0     3.0     3.0     3.0     3.0     3.0     3.0     3.0
          3.0     3.0     3.0     3.0     3.0     3.0     3.0     3.0     3.0     3.0     3.0     3.0     3.0     3.0     3.0
          3.0     3.0     3.0     3.0     3.0     3.0     3.0     3.0     3.0     3.0     3.0     3.0     3.0     3.0     3.0
          3.0     3.0     3.0     3.0     3.0     3.0     3.0     3.0     3.0     3.0     3.0     3.0     3.0     3.0     3.0
          3.0     3.0     3.0     3.0     3.0
  20      5.0     3.0     3.0     3.0     3.0     3.0     3.0     3.0     3.0     3.0     3.0     3.0     3.0     3.0     3.0
          3.0     3.0     3.0     3.0     3.0     3.0     3.0     3.0     3.0     3.0     3.0     3.0     3.0     3.0     3.0
          3.0     3.0     3.0     3.0     3.0     3.0     3.0     3.0     3.0     3.0     3.0     3.0     3.0     3.0     3.0
          3.0     3.0     3.0     3.0     3.0     3.0     3.0     3.0     3.0     3.0     3.0     3.0     3.0     3.0     3.0
          3.0     3.0     3.0     3.0     3.0     3.0     3.0     3.0     3.0     3.0     3.0     3.0     3.0     3.0     3.0
          3.0     3.0     3.0     3.0     3.0
  21      5.0     3.0     3.0     3.0     3.0     3.0     3.0     3.0     3.0     3.0     3.0     3.0     3.0     3.0     3.0
          3.0     3.0     3.0     3.0     3.0     3.0     3.0     3.0     3.0     3.0     3.0     3.0     3.0     3.0     3.0
          3.0     3.0     3.0     3.0     3.0     3.0     3.0     3.0     3.0     3.0     3.0     3.0     3.0     3.0     3.0
          3.0     3.0     3.0     3.0     3.0     3.0     3.0     3.0     3.0     3.0     3.0     3.0     3.0     3.0     3.0
          3.0     3.0     3.0     3.0     3.0     3.0     3.0     3.0     3.0     3.0     3.0     3.0     3.0     3.0     3.0
          3.0     3.0     3.0     3.0     3.0
  22      5.0     3.0     3.0     3.0     3.0     3.0     3.0     3.0     3.0     3.0     3.0     3.0     3.0     3.0     3.0
          3.0     3.0     3.0     3.0     3.0     3.0     3.0     3.0     3.0     3.0     3.0     3.0     3.0     3.0     3.0
          3.0     3.0     3.0     3.0     3.0     3.0     3.0     3.0     3.0     3.0     3.0     3.0     3.0     3.0     3.0
          3.0     3.0     3.0     3.0     3.0     3.0     3.0     3.0     3.0     3.0     3.0     3.0     3.0     3.0     3.0
          3.0     3.0     3.0     3.0     3.0     3.0     3.0     3.0     3.0     3.0     3.0     3.0     3.0     3.0     3.0
          3.0     3.0     3.0     3.0     3.0
  23      5.0     3.0     3.0     3.0     3.0     3.0     3.0     3.0     3.0     3.0     3.0     3.0     3.0     3.0     3.0
          3.0     3.0     3.0     3.0     3.0     3.0     3.0     3.0     3.0     3.0     3.0     3.0     3.0     3.0     3.0
          3.0     3.0     3.0     3.0     3.0     3.0     3.0     3.0     3.0     3.0     3.0     3.0     3.0     3.0     3.0
          3.0     3.0     3.0     3.0     3.0     3.0     3.0     3.0     3.0     3.0     3.0     3.0     3.0     3.0     3.0
          3.0     3.0     3.0     3.0     3.0     3.0     3.0     3.0     3.0     3.0     3.0     3.0     3.0     3.0     3.0
          3.0     3.0     3.0     3.0     3.0
  24      5.0     3.0     3.0     3.0     3.0     3.0     3.0     3.0     3.0     3.0     3.0     3.0     3.0     3.0     3.0
          3.0     3.0     3.0     3.0     3.0     3.0     3.0     3.0     3.0     3.0     3.0     3.0     3.0     3.0     3.0
          3.0     3.0     3.0     3.0     3.0     3.0     3.0     3.0     3.0     3.0     3.0     3.0     3.0     3.0     3.0
          3.0     3.0     3.0     3.0     3.0     3.0     3.0     3.0     3.0     3.0     3.0     3.0     3.0     3.0     3.0
          3.0     3.0     3.0     3.0     3.0     3.0     3.0     3.0     3.0     3.0     3.0     3.0     3.0     3.0     3.0
          3.0     3.0     3.0     3.0     3.0
  25      5.0     3.0     3.0     3.0     3.0     3.0     3.0     3.0     3.0     3.0     3.0     3.0     3.0     3.0     3.0
          3.0     3.0     3.0     3.0     3.0     3.0     3.0     3.0     3.0     3.0     3.0     3.0     3.0     3.0     3.0
          3.0     3.0     3.0     3.0     3.0     3.0     3.0     3.0     3.0     3.0     3.0     3.0     3.0     3.0     3.0
          3.0     3.0     3.0     3.0     3.0     3.0     3.0     3.0     3.0     3.0     3.0     3.0     3.0     3.0     3.0
          3.0     3.0     3.0     3.0     3.0     3.0     3.0     3.0     3.0     3.0     3.0     3.0     3.0     3.0     3.0
          3.0     3.0     3.0     3.0     3.0
  26      5.0     3.0     3.0     3.0     3.0     3.0     3.0     3.0     3.0     3.0     3.0     3.0     3.0     3.0     3.0
          3.0     3.0     3.0     3.0     3.0     3.0     3.0     3.0     3.0     3.0     3.0     3.0     3.0     3.0     3.0
          3.0     3.0     3.0     3.0     3.0     3.0     3.0     3.0     3.0     3.0     3.0     3.0     3.0     3.0     3.0
          3.0     3.0     3.0     3.0     3.0     3.0     3.0     3.0     3.0     3.0     3.0     3.0     3.0     3.0     3.0
          3.0     3.0     3.0     3.0     3.0     3.0     3.0     3.0     3.0     3.0     3.0     3.0     3.0     3.0     3.0
          3.0     3.0     3.0     3.0     3.0
  27      5.0     3.0     3.0     3.0     3.0     3.0     3.0     3.0     3.0     3.0     3.0     3.0     3.0     3.0     3.0
          3.0     3.0     3.0     3.0     3.0     3.0     3.0     3.0     3.0     3.0     3.0     3.0     3.0     3.0     3.0
          3.0     3.0     3.0     3.0     3.0     3.0     3.0     3.0     3.0     3.0     3.0     3.0     3.0     3.0     3.0
          3.0     3.0     3.0     3.0     3.0     3.0     3.0     3.0     3.0     3.0     3.0     3.0     3.0     3.0     3.0
          3.0     3.0     3.0     3.0     3.0     3.0     3.0     3.0     3.0     3.0     3.0     3.0     3.0     3.0     3.0
          3.0     3.0     3.0     3.0     3.0
  28      5.0     3.0     3.0     3.0     3.0     3.0     3.0     3.0     3.0     3.0     3.0     3.0     3.0     3.0     3.0
          3.0     3.0     3.0     3.0     3.0     3.0     3.0     3.0     3.0     3.0     3.0     3.0     3.0     3.0     3.0
          3.0     3.0     3.0     3.0     3.0     3.0     3.0     3.0     3.0     3.0     3.0     3.0     3.0     3.0     3.0
          3.0     3.0     3.0     3.0     3.0     3.0     3.0     3.0     3.0     3.0     3.0     3.0     3.0     3.0     3.0
          3.0     3.0     3.0     3.0     3.0     3.0     3.0     3.0     3.0     3.0     3.0     3.0     3.0     3.0     3.0
          3.0     3.0     3.0     3.0     3.0
  29      5.0     3.0     3.0     3.0     3.0     3.0     3.0     3.0     3.0     3.0     3.0     3.0     3.0     3.0     3.0
          3.0     3.0     3.0     3.0     3.0     3.0     3.0     3.0     3.0     3.0     3.0     3.0     3.0     3.0     3.0
          3.0     3.0     3.0     3.0     3.0     3.0     3.0     3.0     3.0     3.0     3.0     3.0     3.0     3.0     3.0
          3.0     3.0     3.0     3.0     3.0     3.0     3.0     3.0     3.0     3.0     3.0     3.0     3.0     3.0     3.0
          3.0     3.0     3.0     3.0     3.0     3.0     3.0     3.0     3.0     3.0     3.0     3.0     3.0     3.0     3.0
          3.0     3.0     3.0     3.0     3.0
  30      5.0     3.0     3.0     3.0     3.0     3.0     3.0     3.0     3.0     3.0     3.0     3.0     3.0     3.0     3.0
          3.0     3.0     3.0     3.0     3.0     3.0     3.0     3.0     3.0     3.0     3.0     3.0     3.0     3.0     3.0
          3.0     3.0     3.0     3.0     3.0     3.0     3.0     3.0     3.0     3.0     3.0     3.0     3.0     3.0     3.0
          3.0     3.0     3.0     3.0     3.0     3.0     3.0     3.0     3.0     3.0     3.0     3.0     3.0     3.0     3.0
          3.0     3.0     3.0     3.0     3.0     3.0     3.0     3.0     3.0     3.0     3.0     3.0     3.0     3.0     3.0
          3.0     3.0     3.0     3.0     3.0
  31      5.0     3.0     3.0     3.0     3.0     3.0     3.0     3.0     3.0     3.0     3.0     3.0     3.0     3.0     3.0
          3.0     3.0     3.0     3.0     3.0     3.0     3.0     3.0     3.0     3.0     3.0     3.0     3.0     3.0     3.0
          3.0     3.0     3.0     3.0     3.0     3.0     3.0     3.0     3.0     3.0     3.0     3.0     3.0     3.0     3.0
          3.0     3.0     3.0     3.0     3.0     3.0     3.0     3.0     3.0     3.0     3.0     3.0     3.0     3.0     3.0
          3.0     3.0     3.0     3.0     3.0     3.0     3.0     3.0     3.0     3.0     3.0     3.0     3.0     3.0     3.0
          3.0     3.0     3.0     3.0     3.0
  32      5.0     3.0     3.0     3.0     3.0     3.0     3.0     3.0     3.0     3.0     3.0     3.0     3.0     3.0     3.0
          3.0     3.0     3.0     3.0     3.0     3.0     3.0     3.0     3.0     3.0     3.0     3.0     3.0     3.0     3.0
          3.0     3.0     3.0     3.0     3.0     3.0     3.0     3.0     3.0     3.0     3.0     3.0     3.0     3.0     3.0
          3.0     3.0     3.0     3.0     3.0     3.0     3.0     3.0     3.0     3.0     3.0     3.0     3.0     3.0     3.0
          3.0     3.0     3.0     3.0     3.0     3.0     3.0     3.0     3.0     3.0     3.0     3.0     3.0     3.0     3.0
          3.0     3.0     3.0     3.0     3.0
  33      5.0     3.0     3.0     3.0     3.0     3.0     3.0     3.0     3.0     3.0     3.0     3.0     3.0     3.0     3.0
          3.0     3.0     3.0     3.0     3.0     3.0     3.0     3.0     3.0     3.0     3.0     3.0     3.0     3.0     3.0
          3.0     3.0     3.0     3.0     3.0     3.0     3.0     3.0     3.0     3.0     3.0     3.0     3.0     3.0     3.0
          3.0     3.0     3.0     3.0     3.0     3.0     3.0     3.0     3.0     3.0     3.0     3.0     3.0     3.0     3.0
          3.0     3.0     3.0     3.0     3.0     3.0     3.0     3.0     3.0     3.0     3.0     3.0     3.0     3.0     3.0
          3.0     3.0     3.0     3.0     3.0
  34      5.0     3.0     3.0     3.0     3.0     3.0     3.0     3.0     3.0     3.0     3.0     3.0     3.0     3.0     3.0
          3.0     3.0     3.0     3.0     3.0     3.0     3.0     3.0     3.0     3.0     3.0     3.0     3.0     3.0     3.0
          3.0     3.0     3.0     3.0     3.0     3.0     3.0     3.0     3.0     3.0     3.0     3.0     3.0     3.0     3.0
          3.0     3.0     3.0     3.0     3.0     3.0     3.0     3.0     3.0     3.0     3.0     3.0     3.0     3.0     3.0
          3.0     3.0     3.0     3.0     3.0     3.0     3.0     3.0     3.0     3.0     3.0     3.0     3.0     3.0     3.0
          3.0     3.0     3.0     3.0     3.0
  35      5.0     3.0     3.0     3.0     3.0     3.0     3.0     3.0     3.0     3.0     3.0     3.0     3.0     3.0     3.0
          3.0     3.0     3.0     3.0     3.0     3.0     3.0     3.0     3.0     3.0     3.0     3.0     3.0     3.0     3.0
          3.0     3.0     3.0     3.0     3.0     3.0     3.0     3.0     3.0     3.0     3.0     3.0     3.0     3.0     3.0
          3.0     3.0     3.0     3.0     3.0     3.0     3.0     3.0     3.0     3.0     3.0     3.0     3.0     3.0     3.0
          3.0     3.0     3.0     3.0     3.0     3.0     3.0     3.0     3.0     3.0     3.0     3.0     3.0     3.0     3.0
          3.0     3.0     3.0     3.0     3.0
  36      5.0     3.0     3.0     3.0     3.0     3.0     3.0     3.0     3.0     3.0     3.0     3.0     3.0     3.0     3.0
          3.0     3.0     3.0     3.0     3.0     3.0     3.0     3.0     3.0     3.0     3.0     3.0     3.0     3.0     3.0
          3.0     3.0     3.0     3.0     3.0     3.0     3.0     3.0     3.0     3.0     3.0     3.0     3.0     3.0     3.0
          3.0     3.0     3.0     3.0     3.0     3.0     3.0     3.0     3.0     3.0     3.0     3.0     3.0     3.0     3.0
          3.0     3.0     3.0     3.0     3.0     3.0     3.0     3.0     3.0     3.0     3.0     3.0     3.0     3.0     3.0
          3.0     3.0     3.0     3.0     3.0
  37      5.0     3.0     3.0     3.0     3.0     3.0     3.0     3.0     3.0     3.0     3.0     3.0     3.0     3.0     3.0
          3.0     3.0     3.0     3.0     3.0     3.0     3.0     3.0     3.0     3.0     3.0     3.0     3.0     3.0     3.0
          3.0     3.0     3.0     3.0     3.0     3.0     3.0     3.0     3.0     3.0     3.0     3.0     3.0     3.0     3.0
          3.0     3.0     3.0     3.0     3.0     3.0     3.0     3.0     3.0     3.0     3.0     3.0     3.0     3.0     3.0
          3.0     3.0     3.0     3.0     3.0     3.0     3.0     3.0     3.0     3.0     3.0     3.0     3.0     3.0     3.0
          3.0     3.0     3.0     3.0     3.0
  38      5.0     3.0     3.0     3.0     3.0     3.0     3.0     3.0     3.0     3.0     3.0     3.0     3.0     3.0     3.0
          3.0     3.0     3.0     3.0     3.0     3.0     3.0     3.0     3.0     3.0     3.0     3.0     3.0     3.0     3.0
          3.0     3.0     3.0     3.0     3.0     3.0     3.0     3.0     3.0     3.0     3.0     3.0     3.0     3.0     3.0
          3.0     3.0     3.0     3.0     3.0     3.0     3.0     3.0     3.0     3.0     3.0     3.0     3.0     3.0     3.0
          3.0     3.0     3.0     3.0     3.0     3.0     3.0     3.0     3.0     3.0     3.0     3.0     3.0     3.0     3.0
          3.0     3.0     3.0     3.0     3.0
  39      5.0     3.0     3.0     3.0     3.0     3.0     3.0     3.0     3.0     3.0     3.0     3.0     3.0     3.0     3.0
          3.0     3.0     3.0     3.0     3.0     3.0     3.0     3.0     3.0     3.0     3.0     3.0     3.0     3.0     3.0
          3.0     3.0     3.0     3.0     3.0     3.0     3.0     3.0     3.0     3.0     3.0     3.0     3.0     3.0     3.0
          3.0     3.0     3.0     3.0     3.0     3.0     3.0     3.0     3.0     3.0     3.0     3.0     3.0     3.0     3.0
          3.0     3.0     3.0     3.0     3.0     3.0     3.0     3.0     3.0     3.0     3.0     3.0     3.0     3.0     3.0
          3.0     3.0     3.0     3.0     3.0
  40      5.0     3.0     3.0     3.0     3.0     3.0     3.0     3.0     3.0     3.0     3.0     3.0     3.0     3.0     3.0
          3.0     3.0     3.0     3.0     3.0     3.0     3.0     3.0     3.0     3.0     3.0     3.0     3.0     3.0     3.0
          3.0     3.0     3.0     3.0     3.0     3.0     3.0     3.0     3.0     3.0     3.0     3.0     3.0     3.0     3.0
          3.0     3.0     3.0     3.0     3.0     3.0     3.0     3.0     3.0     3.0     3.0     3.0     3.0     3.0     3.0
          3.0     3.0     3.0     3.0     3.0     3.0     3.0     3.0     3.0     3.0     3.0     3.0     3.0     3.0     3.0
          3.0     3.0     3.0     3.0     3.0

 OUTPUT CONTROL IS SPECIFIED ONLY AT TIME STEPS FOR WHICH OUTPUT IS DESIRED
 COMPACT CELL-BY-CELL BUDGET FILES WILL BE WRITTEN
 HEAD PRINT FORMAT CODE IS   0    DRAWDOWN PRINT FORMAT CODE IS   0
 HEADS WILL BE SAVED ON UNIT   30    DRAWDOWNS WILL BE SAVED ON UNIT    0
1
                            STRESS PERIOD NO.    1, LENGTH =   500.0000    
                            -----------------------------------------------

                              NUMBER OF TIME STEPS =    50

                               MULTIPLIER FOR DELT =     1.000

                            INITIAL TIME STEP SIZE =   10.00000    
 
 SOLVING FOR HEAD 

 OUTPUT CONTROL FOR STRESS PERIOD    1   TIME STEP   1
    SAVE HEAD FOR ALL LAYERS
    SAVE BUDGET
 UBDSV2 SAVING "   CONSTANT HEAD" ON UNIT  31 AT TIME STEP  1, STRESS PERIOD   1
 UBDSV1 SAVING "FLOW RIGHT FACE " ON UNIT  31 AT TIME STEP  1, STRESS PERIOD   1
 UBDSV1 SAVING "FLOW FRONT FACE " ON UNIT  31 AT TIME STEP  1, STRESS PERIOD   1


 ***Link-MT3DMS Package***
 OPENING LINK-MT3DMS OUTPUT FILE: ex10_pht3d.flo                                                                                                                                                                                          
 ON UNIT NUMBER:   333
 FILE TYPE: UNFORMATTED
 HEADER OPTION: STANDARD
 ***Link-MT3DMS Package***


 SAVING SATURATED THICKNESS AND FLOW TERMS ON UNIT  333 FOR MT3DMS
 BY THE LINK-MT3DMS PACKAGE V6.3 AT TIME STEP    1, STRESS PERIOD    1


 HEAD WILL BE SAVED ON UNIT   30 AT END OF TIME STEP   1, STRESS PERIOD    1
 
 SOLVING FOR HEAD 

 NO OUTPUT CONTROL FOR STRESS PERIOD    1   TIME STEP   2

 SAVING SATURATED THICKNESS AND FLOW TERMS ON UNIT  333 FOR MT3DMS
 BY THE LINK-MT3DMS PACKAGE V6.3 AT TIME STEP    2, STRESS PERIOD    1

 
 SOLVING FOR HEAD 

 NO OUTPUT CONTROL FOR STRESS PERIOD    1   TIME STEP   3

 SAVING SATURATED THICKNESS AND FLOW TERMS ON UNIT  333 FOR MT3DMS
 BY THE LINK-MT3DMS PACKAGE V6.3 AT TIME STEP    3, STRESS PERIOD    1

 
 SOLVING FOR HEAD 

 NO OUTPUT CONTROL FOR STRESS PERIOD    1   TIME STEP   4

 SAVING SATURATED THICKNESS AND FLOW TERMS ON UNIT  333 FOR MT3DMS
 BY THE LINK-MT3DMS PACKAGE V6.3 AT TIME STEP    4, STRESS PERIOD    1

 
 SOLVING FOR HEAD 

 NO OUTPUT CONTROL FOR STRESS PERIOD    1   TIME STEP   5

 SAVING SATURATED THICKNESS AND FLOW TERMS ON UNIT  333 FOR MT3DMS
 BY THE LINK-MT3DMS PACKAGE V6.3 AT TIME STEP    5, STRESS PERIOD    1

 
 SOLVING FOR HEAD 

 NO OUTPUT CONTROL FOR STRESS PERIOD    1   TIME STEP   6

 SAVING SATURATED THICKNESS AND FLOW TERMS ON UNIT  333 FOR MT3DMS
 BY THE LINK-MT3DMS PACKAGE V6.3 AT TIME STEP    6, STRESS PERIOD    1

 
 SOLVING FOR HEAD 

 NO OUTPUT CONTROL FOR STRESS PERIOD    1   TIME STEP   7

 SAVING SATURATED THICKNESS AND FLOW TERMS ON UNIT  333 FOR MT3DMS
 BY THE LINK-MT3DMS PACKAGE V6.3 AT TIME STEP    7, STRESS PERIOD    1

 
 SOLVING FOR HEAD 

 NO OUTPUT CONTROL FOR STRESS PERIOD    1   TIME STEP   8

 SAVING SATURATED THICKNESS AND FLOW TERMS ON UNIT  333 FOR MT3DMS
 BY THE LINK-MT3DMS PACKAGE V6.3 AT TIME STEP    8, STRESS PERIOD    1

 
 SOLVING FOR HEAD 

 NO OUTPUT CONTROL FOR STRESS PERIOD    1   TIME STEP   9

 SAVING SATURATED THICKNESS AND FLOW TERMS ON UNIT  333 FOR MT3DMS
 BY THE LINK-MT3DMS PACKAGE V6.3 AT TIME STEP    9, STRESS PERIOD    1

 
 SOLVING FOR HEAD 

 NO OUTPUT CONTROL FOR STRESS PERIOD    1   TIME STEP  10

 SAVING SATURATED THICKNESS AND FLOW TERMS ON UNIT  333 FOR MT3DMS
 BY THE LINK-MT3DMS PACKAGE V6.3 AT TIME STEP   10, STRESS PERIOD    1

 
 SOLVING FOR HEAD 

 NO OUTPUT CONTROL FOR STRESS PERIOD    1   TIME STEP  11

 SAVING SATURATED THICKNESS AND FLOW TERMS ON UNIT  333 FOR MT3DMS
 BY THE LINK-MT3DMS PACKAGE V6.3 AT TIME STEP   11, STRESS PERIOD    1

 
 SOLVING FOR HEAD 

 NO OUTPUT CONTROL FOR STRESS PERIOD    1   TIME STEP  12

 SAVING SATURATED THICKNESS AND FLOW TERMS ON UNIT  333 FOR MT3DMS
 BY THE LINK-MT3DMS PACKAGE V6.3 AT TIME STEP   12, STRESS PERIOD    1

 
 SOLVING FOR HEAD 

 NO OUTPUT CONTROL FOR STRESS PERIOD    1   TIME STEP  13

 SAVING SATURATED THICKNESS AND FLOW TERMS ON UNIT  333 FOR MT3DMS
 BY THE LINK-MT3DMS PACKAGE V6.3 AT TIME STEP   13, STRESS PERIOD    1

 
 SOLVING FOR HEAD 

 NO OUTPUT CONTROL FOR STRESS PERIOD    1   TIME STEP  14

 SAVING SATURATED THICKNESS AND FLOW TERMS ON UNIT  333 FOR MT3DMS
 BY THE LINK-MT3DMS PACKAGE V6.3 AT TIME STEP   14, STRESS PERIOD    1

 
 SOLVING FOR HEAD 

 NO OUTPUT CONTROL FOR STRESS PERIOD    1   TIME STEP  15

 SAVING SATURATED THICKNESS AND FLOW TERMS ON UNIT  333 FOR MT3DMS
 BY THE LINK-MT3DMS PACKAGE V6.3 AT TIME STEP   15, STRESS PERIOD    1

 
 SOLVING FOR HEAD 

 NO OUTPUT CONTROL FOR STRESS PERIOD    1   TIME STEP  16

 SAVING SATURATED THICKNESS AND FLOW TERMS ON UNIT  333 FOR MT3DMS
 BY THE LINK-MT3DMS PACKAGE V6.3 AT TIME STEP   16, STRESS PERIOD    1

 
 SOLVING FOR HEAD 

 NO OUTPUT CONTROL FOR STRESS PERIOD    1   TIME STEP  17

 SAVING SATURATED THICKNESS AND FLOW TERMS ON UNIT  333 FOR MT3DMS
 BY THE LINK-MT3DMS PACKAGE V6.3 AT TIME STEP   17, STRESS PERIOD    1

 
 SOLVING FOR HEAD 

 NO OUTPUT CONTROL FOR STRESS PERIOD    1   TIME STEP  18

 SAVING SATURATED THICKNESS AND FLOW TERMS ON UNIT  333 FOR MT3DMS
 BY THE LINK-MT3DMS PACKAGE V6.3 AT TIME STEP   18, STRESS PERIOD    1

 
 SOLVING FOR HEAD 

 NO OUTPUT CONTROL FOR STRESS PERIOD    1   TIME STEP  19

 SAVING SATURATED THICKNESS AND FLOW TERMS ON UNIT  333 FOR MT3DMS
 BY THE LINK-MT3DMS PACKAGE V6.3 AT TIME STEP   19, STRESS PERIOD    1

 
 SOLVING FOR HEAD 

 NO OUTPUT CONTROL FOR STRESS PERIOD    1   TIME STEP  20

 SAVING SATURATED THICKNESS AND FLOW TERMS ON UNIT  333 FOR MT3DMS
 BY THE LINK-MT3DMS PACKAGE V6.3 AT TIME STEP   20, STRESS PERIOD    1

 
 SOLVING FOR HEAD 

 NO OUTPUT CONTROL FOR STRESS PERIOD    1   TIME STEP  21

 SAVING SATURATED THICKNESS AND FLOW TERMS ON UNIT  333 FOR MT3DMS
 BY THE LINK-MT3DMS PACKAGE V6.3 AT TIME STEP   21, STRESS PERIOD    1

 
 SOLVING FOR HEAD 

 NO OUTPUT CONTROL FOR STRESS PERIOD    1   TIME STEP  22

 SAVING SATURATED THICKNESS AND FLOW TERMS ON UNIT  333 FOR MT3DMS
 BY THE LINK-MT3DMS PACKAGE V6.3 AT TIME STEP   22, STRESS PERIOD    1

 
 SOLVING FOR HEAD 

 NO OUTPUT CONTROL FOR STRESS PERIOD    1   TIME STEP  23

 SAVING SATURATED THICKNESS AND FLOW TERMS ON UNIT  333 FOR MT3DMS
 BY THE LINK-MT3DMS PACKAGE V6.3 AT TIME STEP   23, STRESS PERIOD    1

 
 SOLVING FOR HEAD 

 NO OUTPUT CONTROL FOR STRESS PERIOD    1   TIME STEP  24

 SAVING SATURATED THICKNESS AND FLOW TERMS ON UNIT  333 FOR MT3DMS
 BY THE LINK-MT3DMS PACKAGE V6.3 AT TIME STEP   24, STRESS PERIOD    1

 
 SOLVING FOR HEAD 

 NO OUTPUT CONTROL FOR STRESS PERIOD    1   TIME STEP  25

 SAVING SATURATED THICKNESS AND FLOW TERMS ON UNIT  333 FOR MT3DMS
 BY THE LINK-MT3DMS PACKAGE V6.3 AT TIME STEP   25, STRESS PERIOD    1

 
 SOLVING FOR HEAD 

 NO OUTPUT CONTROL FOR STRESS PERIOD    1   TIME STEP  26

 SAVING SATURATED THICKNESS AND FLOW TERMS ON UNIT  333 FOR MT3DMS
 BY THE LINK-MT3DMS PACKAGE V6.3 AT TIME STEP   26, STRESS PERIOD    1

 
 SOLVING FOR HEAD 

 NO OUTPUT CONTROL FOR STRESS PERIOD    1   TIME STEP  27

 SAVING SATURATED THICKNESS AND FLOW TERMS ON UNIT  333 FOR MT3DMS
 BY THE LINK-MT3DMS PACKAGE V6.3 AT TIME STEP   27, STRESS PERIOD    1

 
 SOLVING FOR HEAD 

 NO OUTPUT CONTROL FOR STRESS PERIOD    1   TIME STEP  28

 SAVING SATURATED THICKNESS AND FLOW TERMS ON UNIT  333 FOR MT3DMS
 BY THE LINK-MT3DMS PACKAGE V6.3 AT TIME STEP   28, STRESS PERIOD    1

 
 SOLVING FOR HEAD 

 NO OUTPUT CONTROL FOR STRESS PERIOD    1   TIME STEP  29

 SAVING SATURATED THICKNESS AND FLOW TERMS ON UNIT  333 FOR MT3DMS
 BY THE LINK-MT3DMS PACKAGE V6.3 AT TIME STEP   29, STRESS PERIOD    1

 
 SOLVING FOR HEAD 

 NO OUTPUT CONTROL FOR STRESS PERIOD    1   TIME STEP  30

 SAVING SATURATED THICKNESS AND FLOW TERMS ON UNIT  333 FOR MT3DMS
 BY THE LINK-MT3DMS PACKAGE V6.3 AT TIME STEP   30, STRESS PERIOD    1

 
 SOLVING FOR HEAD 

 NO OUTPUT CONTROL FOR STRESS PERIOD    1   TIME STEP  31

 SAVING SATURATED THICKNESS AND FLOW TERMS ON UNIT  333 FOR MT3DMS
 BY THE LINK-MT3DMS PACKAGE V6.3 AT TIME STEP   31, STRESS PERIOD    1

 
 SOLVING FOR HEAD 

 NO OUTPUT CONTROL FOR STRESS PERIOD    1   TIME STEP  32

 SAVING SATURATED THICKNESS AND FLOW TERMS ON UNIT  333 FOR MT3DMS
 BY THE LINK-MT3DMS PACKAGE V6.3 AT TIME STEP   32, STRESS PERIOD    1

 
 SOLVING FOR HEAD 

 NO OUTPUT CONTROL FOR STRESS PERIOD    1   TIME STEP  33

 SAVING SATURATED THICKNESS AND FLOW TERMS ON UNIT  333 FOR MT3DMS
 BY THE LINK-MT3DMS PACKAGE V6.3 AT TIME STEP   33, STRESS PERIOD    1

 
 SOLVING FOR HEAD 

 NO OUTPUT CONTROL FOR STRESS PERIOD    1   TIME STEP  34

 SAVING SATURATED THICKNESS AND FLOW TERMS ON UNIT  333 FOR MT3DMS
 BY THE LINK-MT3DMS PACKAGE V6.3 AT TIME STEP   34, STRESS PERIOD    1

 
 SOLVING FOR HEAD 

 NO OUTPUT CONTROL FOR STRESS PERIOD    1   TIME STEP  35

 SAVING SATURATED THICKNESS AND FLOW TERMS ON UNIT  333 FOR MT3DMS
 BY THE LINK-MT3DMS PACKAGE V6.3 AT TIME STEP   35, STRESS PERIOD    1

 
 SOLVING FOR HEAD 

 NO OUTPUT CONTROL FOR STRESS PERIOD    1   TIME STEP  36

 SAVING SATURATED THICKNESS AND FLOW TERMS ON UNIT  333 FOR MT3DMS
 BY THE LINK-MT3DMS PACKAGE V6.3 AT TIME STEP   36, STRESS PERIOD    1

 
 SOLVING FOR HEAD 

 NO OUTPUT CONTROL FOR STRESS PERIOD    1   TIME STEP  37

 SAVING SATURATED THICKNESS AND FLOW TERMS ON UNIT  333 FOR MT3DMS
 BY THE LINK-MT3DMS PACKAGE V6.3 AT TIME STEP   37, STRESS PERIOD    1

 
 SOLVING FOR HEAD 

 NO OUTPUT CONTROL FOR STRESS PERIOD    1   TIME STEP  38

 SAVING SATURATED THICKNESS AND FLOW TERMS ON UNIT  333 FOR MT3DMS
 BY THE LINK-MT3DMS PACKAGE V6.3 AT TIME STEP   38, STRESS PERIOD    1

 
 SOLVING FOR HEAD 

 NO OUTPUT CONTROL FOR STRESS PERIOD    1   TIME STEP  39

 SAVING SATURATED THICKNESS AND FLOW TERMS ON UNIT  333 FOR MT3DMS
 BY THE LINK-MT3DMS PACKAGE V6.3 AT TIME STEP   39, STRESS PERIOD    1

 
 SOLVING FOR HEAD 

 NO OUTPUT CONTROL FOR STRESS PERIOD    1   TIME STEP  40

 SAVING SATURATED THICKNESS AND FLOW TERMS ON UNIT  333 FOR MT3DMS
 BY THE LINK-MT3DMS PACKAGE V6.3 AT TIME STEP   40, STRESS PERIOD    1

 
 SOLVING FOR HEAD 

 NO OUTPUT CONTROL FOR STRESS PERIOD    1   TIME STEP  41

 SAVING SATURATED THICKNESS AND FLOW TERMS ON UNIT  333 FOR MT3DMS
 BY THE LINK-MT3DMS PACKAGE V6.3 AT TIME STEP   41, STRESS PERIOD    1

 
 SOLVING FOR HEAD 

 NO OUTPUT CONTROL FOR STRESS PERIOD    1   TIME STEP  42

 SAVING SATURATED THICKNESS AND FLOW TERMS ON UNIT  333 FOR MT3DMS
 BY THE LINK-MT3DMS PACKAGE V6.3 AT TIME STEP   42, STRESS PERIOD    1

 
 SOLVING FOR HEAD 

 NO OUTPUT CONTROL FOR STRESS PERIOD    1   TIME STEP  43

 SAVING SATURATED THICKNESS AND FLOW TERMS ON UNIT  333 FOR MT3DMS
 BY THE LINK-MT3DMS PACKAGE V6.3 AT TIME STEP   43, STRESS PERIOD    1

 
 SOLVING FOR HEAD 

 NO OUTPUT CONTROL FOR STRESS PERIOD    1   TIME STEP  44

 SAVING SATURATED THICKNESS AND FLOW TERMS ON UNIT  333 FOR MT3DMS
 BY THE LINK-MT3DMS PACKAGE V6.3 AT TIME STEP   44, STRESS PERIOD    1

 
 SOLVING FOR HEAD 

 NO OUTPUT CONTROL FOR STRESS PERIOD    1   TIME STEP  45

 SAVING SATURATED THICKNESS AND FLOW TERMS ON UNIT  333 FOR MT3DMS
 BY THE LINK-MT3DMS PACKAGE V6.3 AT TIME STEP   45, STRESS PERIOD    1

 
 SOLVING FOR HEAD 

 NO OUTPUT CONTROL FOR STRESS PERIOD    1   TIME STEP  46

 SAVING SATURATED THICKNESS AND FLOW TERMS ON UNIT  333 FOR MT3DMS
 BY THE LINK-MT3DMS PACKAGE V6.3 AT TIME STEP   46, STRESS PERIOD    1

 
 SOLVING FOR HEAD 

 NO OUTPUT CONTROL FOR STRESS PERIOD    1   TIME STEP  47

 SAVING SATURATED THICKNESS AND FLOW TERMS ON UNIT  333 FOR MT3DMS
 BY THE LINK-MT3DMS PACKAGE V6.3 AT TIME STEP   47, STRESS PERIOD    1

 
 SOLVING FOR HEAD 

 NO OUTPUT CONTROL FOR STRESS PERIOD    1   TIME STEP  48

 SAVING SATURATED THICKNESS AND FLOW TERMS ON UNIT  333 FOR MT3DMS
 BY THE LINK-MT3DMS PACKAGE V6.3 AT TIME STEP   48, STRESS PERIOD    1

 
 SOLVING FOR HEAD 

 NO OUTPUT CONTROL FOR STRESS PERIOD    1   TIME STEP  49

 SAVING SATURATED THICKNESS AND FLOW TERMS ON UNIT  333 FOR MT3DMS
 BY THE LINK-MT3DMS PACKAGE V6.3 AT TIME STEP   49, STRESS PERIOD    1

 
 SOLVING FOR HEAD 

 NO OUTPUT CONTROL FOR STRESS PERIOD    1   TIME STEP  50

 SAVING SATURATED THICKNESS AND FLOW TERMS ON UNIT  333 FOR MT3DMS
 BY THE LINK-MT3DMS PACKAGE V6.3 AT TIME STEP   50, STRESS PERIOD    1

1
  VOLUMETRIC BUDGET FOR ENTIRE MODEL AT END OF TIME STEP 50 IN STRESS PERIOD   1
  ------------------------------------------------------------------------------

     CUMULATIVE VOLUMES      L**3       RATES FOR THIS TIME STEP      L**3/T
     ------------------                 ------------------------

           IN:                                      IN:
           ---                                      ---
             STORAGE =           0.0000               STORAGE =           0.0000
       CONSTANT HEAD =        8138.8267         CONSTANT HEAD =          16.2779

            TOTAL IN =        8138.8267              TOTAL IN =          16.2779

          OUT:                                     OUT:
          ----                                     ----
             STORAGE =           0.0000               STORAGE =           0.0000
       CONSTANT HEAD =        8139.2314         CONSTANT HEAD =          16.2779

           TOTAL OUT =        8139.2314             TOTAL OUT =          16.2779

            IN - OUT =          -0.4048              IN - OUT =      -8.0109E-05

 PERCENT DISCREPANCY =           0.00     PERCENT DISCREPANCY =           0.00






          TIME SUMMARY AT END OF TIME STEP  50 IN STRESS PERIOD    1
                    SECONDS     MINUTES      HOURS       DAYS        YEARS
                    -----------------------------------------------------------
   TIME STEP LENGTH 8.64000E+05  14400.      240.00      10.000     2.73785E-02
 STRESS PERIOD TIME 4.32000E+07 7.20000E+05  12000.      500.00      1.3689    
         TOTAL TIME 4.32000E+07 7.20000E+05  12000.      500.00      1.3689    
1
